{"graph":{"context_vertex":0,"out_edge_array":[[1],[45,44,51,48,2,5,12,19,4,14,10,9,16,17,20,52,3,22,6,8,7,46,47,13,11,18,50,53,59,49,56,58,55,21,65,15,24,23,26,31,30,29,34,36,27,28,25,39,33,32,42,37,40,35,38,43,60,61,41,54,62,67,68,63,76,64,69,75,70,57,71,66,74,72],[51],[51,58],[77,51,13],[51,78,22],[77,51],[79,51],[80,77,51,21],[51,50],[51,18],[51],[51,81,46],[51],[51,11],[51],[51,53],[51,59],[51],[77,51],[51,49],[51],[51,78,55],[51],[82,51,81],[44,83,51],[51],[84,51],[51],[51],[51],[80,88,83,87,51,89,86,85],[91,51,90],[51],[79,51],[79],[51],[92,91,51,93,90],[51],[51],[91,51],[94],[91,51,95,90],[51,89],[45,48,96,72],[],[51],[51],[],[51],[51],[],[45,44,51,56,60],[51],[51],[51],[51],[45,97,72],[51],[51],[51],[51],[51],[51],[51],[51],[97],[51,78],[51],[79,51],[93,98],[97,74],[],[],[96,73],[51,7,34,70,99],[51],[80,88,83,100,87,89,86],[70],[80,101],[70],[80,102,70],[70],[103,104,70],[105,70],[],[70],[70],[70],[88,100,87,106,70],[107],[88,82,95,86,93,104,106,70],[70],[],[108],[70],[110,113,112,111,109],[44,82,51,106,115,116,114,72],[],[],[70],[121,122,119,118,117,120],[83,104,106,70],[70],[123,124,70],[70],[123,125,88,83,92,86,124,70,115,85],[128,126,127,129],[130],[],[],[],[],[],[131],[132],[],[134,133],[135],[],[],[],[121],[137],[],[70,136,138],[],[],[129],[],[],[],[],[],[],[],[],[93,140,139],[],[],[143,141,142],[],[144],[145],[],[]],"vertices":[{"type":"RootContextVertex"},{"package":"@babel/preset-env","type":"ResolvedPackageVertex","version":{"bug":11,"major":7,"minor":16,"prerelease":0}},{"package":"@babel/plugin-bugfix-safari-id-destructuring-collision-in-function-expression","type":"ResolvedPackageVertex","version":{"bug":7,"major":7,"minor":16,"prerelease":0}},{"package":"@babel/plugin-proposal-optional-catch-binding","type":"ResolvedPackageVertex","version":{"bug":7,"major":7,"minor":16,"prerelease":0}},{"package":"@babel/plugin-proposal-class-static-block","type":"ResolvedPackageVertex","version":{"bug":6,"major":7,"minor":17,"prerelease":0}},{"package":"@babel/plugin-bugfix-v8-spread-parameters-in-optional-chaining","type":"ResolvedPackageVertex","version":{"bug":7,"major":7,"minor":16,"prerelease":0}},{"package":"@babel/plugin-proposal-private-methods","type":"ResolvedPackageVertex","version":{"bug":11,"major":7,"minor":16,"prerelease":0}},{"package":"@babel/plugin-proposal-unicode-property-regex","type":"ResolvedPackageVertex","version":{"bug":7,"major":7,"minor":16,"prerelease":0}},{"package":"@babel/plugin-proposal-private-property-in-object","type":"ResolvedPackageVertex","version":{"bug":7,"major":7,"minor":16,"prerelease":0}},{"package":"@babel/plugin-proposal-json-strings","type":"ResolvedPackageVertex","version":{"bug":7,"major":7,"minor":16,"prerelease":0}},{"package":"@babel/plugin-proposal-export-namespace-from","type":"ResolvedPackageVertex","version":{"bug":7,"major":7,"minor":16,"prerelease":0}},{"package":"@babel/plugin-syntax-dynamic-import","type":"ResolvedPackageVertex","version":{"bug":3,"major":7,"minor":8,"prerelease":0}},{"package":"@babel/plugin-proposal-async-generator-functions","type":"ResolvedPackageVertex","version":{"bug":8,"major":7,"minor":16,"prerelease":0}},{"package":"@babel/plugin-syntax-class-static-block","type":"ResolvedPackageVertex","version":{"bug":5,"major":7,"minor":14,"prerelease":0}},{"package":"@babel/plugin-proposal-dynamic-import","type":"ResolvedPackageVertex","version":{"bug":7,"major":7,"minor":16,"prerelease":0}},{"package":"@babel/plugin-transform-arrow-functions","type":"ResolvedPackageVertex","version":{"bug":7,"major":7,"minor":16,"prerelease":0}},{"package":"@babel/plugin-proposal-logical-assignment-operators","type":"ResolvedPackageVertex","version":{"bug":7,"major":7,"minor":16,"prerelease":0}},{"package":"@babel/plugin-proposal-nullish-coalescing-operator","type":"ResolvedPackageVertex","version":{"bug":7,"major":7,"minor":16,"prerelease":0}},{"package":"@babel/plugin-syntax-export-namespace-from","type":"ResolvedPackageVertex","version":{"bug":3,"major":7,"minor":8,"prerelease":0}},{"package":"@babel/plugin-proposal-class-properties","type":"ResolvedPackageVertex","version":{"bug":7,"major":7,"minor":16,"prerelease":0}},{"package":"@babel/plugin-proposal-numeric-separator","type":"ResolvedPackageVertex","version":{"bug":7,"major":7,"minor":16,"prerelease":0}},{"package":"@babel/plugin-syntax-private-property-in-object","type":"ResolvedPackageVertex","version":{"bug":5,"major":7,"minor":14,"prerelease":0}},{"package":"@babel/plugin-proposal-optional-chaining","type":"ResolvedPackageVertex","version":{"bug":7,"major":7,"minor":16,"prerelease":0}},{"package":"@babel/plugin-transform-block-scoped-functions","type":"ResolvedPackageVertex","version":{"bug":7,"major":7,"minor":16,"prerelease":0}},{"package":"@babel/plugin-transform-async-to-generator","type":"ResolvedPackageVertex","version":{"bug":8,"major":7,"minor":16,"prerelease":0}},{"package":"@babel/plugin-transform-function-name","type":"ResolvedPackageVertex","version":{"bug":7,"major":7,"minor":16,"prerelease":0}},{"package":"@babel/plugin-transform-block-scoping","type":"ResolvedPackageVertex","version":{"bug":7,"major":7,"minor":16,"prerelease":0}},{"package":"@babel/plugin-transform-exponentiation-operator","type":"ResolvedPackageVertex","version":{"bug":7,"major":7,"minor":16,"prerelease":0}},{"package":"@babel/plugin-transform-for-of","type":"ResolvedPackageVertex","version":{"bug":7,"major":7,"minor":16,"prerelease":0}},{"package":"@babel/plugin-transform-destructuring","type":"ResolvedPackageVertex","version":{"bug":3,"major":7,"minor":17,"prerelease":0}},{"package":"@babel/plugin-transform-computed-properties","type":"ResolvedPackageVertex","version":{"bug":7,"major":7,"minor":16,"prerelease":0}},{"package":"@babel/plugin-transform-classes","type":"ResolvedPackageVertex","version":{"bug":7,"major":7,"minor":16,"prerelease":0}},{"package":"@babel/plugin-transform-modules-amd","type":"ResolvedPackageVertex","version":{"bug":7,"major":7,"minor":16,"prerelease":0}},{"package":"@babel/plugin-transform-member-expression-literals","type":"ResolvedPackageVertex","version":{"bug":7,"major":7,"minor":16,"prerelease":0}},{"package":"@babel/plugin-transform-dotall-regex","type":"ResolvedPackageVertex","version":{"bug":7,"major":7,"minor":16,"prerelease":0}},{"package":"@babel/plugin-transform-named-capturing-groups-regex","type":"ResolvedPackageVertex","version":{"bug":8,"major":7,"minor":16,"prerelease":0}},{"package":"@babel/plugin-transform-duplicate-keys","type":"ResolvedPackageVertex","version":{"bug":7,"major":7,"minor":16,"prerelease":0}},{"package":"@babel/plugin-transform-modules-systemjs","type":"ResolvedPackageVertex","version":{"bug":7,"major":7,"minor":16,"prerelease":0}},{"package":"@babel/plugin-transform-new-target","type":"ResolvedPackageVertex","version":{"bug":7,"major":7,"minor":16,"prerelease":0}},{"package":"@babel/plugin-transform-literals","type":"ResolvedPackageVertex","version":{"bug":7,"major":7,"minor":16,"prerelease":0}},{"package":"@babel/plugin-transform-modules-umd","type":"ResolvedPackageVertex","version":{"bug":7,"major":7,"minor":16,"prerelease":0}},{"package":"@babel/plugin-transform-regenerator","type":"ResolvedPackageVertex","version":{"bug":7,"major":7,"minor":16,"prerelease":0}},{"package":"@babel/plugin-transform-modules-commonjs","type":"ResolvedPackageVertex","version":{"bug":8,"major":7,"minor":16,"prerelease":0}},{"package":"@babel/plugin-transform-object-super","type":"ResolvedPackageVertex","version":{"bug":7,"major":7,"minor":16,"prerelease":0}},{"package":"@babel/helper-compilation-targets","type":"ResolvedPackageVertex","version":{"bug":7,"major":7,"minor":17,"prerelease":0}},{"package":"@babel/compat-data","type":"ResolvedPackageVertex","version":{"bug":7,"major":7,"minor":17,"prerelease":0}},{"package":"@babel/plugin-syntax-async-generators","type":"ResolvedPackageVertex","version":{"bug":4,"major":7,"minor":8,"prerelease":0}},{"package":"@babel/plugin-syntax-class-properties","type":"ResolvedPackageVertex","version":{"bug":13,"major":7,"minor":12,"prerelease":0}},{"package":"@babel/helper-validator-option","type":"ResolvedPackageVertex","version":{"bug":7,"major":7,"minor":16,"prerelease":0}},{"package":"@babel/plugin-syntax-numeric-separator","type":"ResolvedPackageVertex","version":{"bug":4,"major":7,"minor":10,"prerelease":0}},{"package":"@babel/plugin-syntax-json-strings","type":"ResolvedPackageVertex","version":{"bug":3,"major":7,"minor":8,"prerelease":0}},{"package":"@babel/helper-plugin-utils","type":"ResolvedPackageVertex","version":{"bug":7,"major":7,"minor":16,"prerelease":0}},{"package":"@babel/plugin-proposal-object-rest-spread","type":"ResolvedPackageVertex","version":{"bug":7,"major":7,"minor":16,"prerelease":0}},{"package":"@babel/plugin-syntax-logical-assignment-operators","type":"ResolvedPackageVertex","version":{"bug":4,"major":7,"minor":10,"prerelease":0}},{"package":"@babel/plugin-transform-reserved-words","type":"ResolvedPackageVertex","version":{"bug":7,"major":7,"minor":16,"prerelease":0}},{"package":"@babel/plugin-syntax-optional-chaining","type":"ResolvedPackageVertex","version":{"bug":3,"major":7,"minor":8,"prerelease":0}},{"package":"@babel/plugin-syntax-object-rest-spread","type":"ResolvedPackageVertex","version":{"bug":3,"major":7,"minor":8,"prerelease":0}},{"package":"babel-plugin-polyfill-corejs2","type":"ResolvedPackageVertex","version":{"bug":1,"major":0,"minor":3,"prerelease":0}},{"package":"@babel/plugin-syntax-optional-catch-binding","type":"ResolvedPackageVertex","version":{"bug":3,"major":7,"minor":8,"prerelease":0}},{"package":"@babel/plugin-syntax-nullish-coalescing-operator","type":"ResolvedPackageVertex","version":{"bug":3,"major":7,"minor":8,"prerelease":0}},{"package":"@babel/plugin-transform-parameters","type":"ResolvedPackageVertex","version":{"bug":7,"major":7,"minor":16,"prerelease":0}},{"package":"@babel/plugin-transform-property-literals","type":"ResolvedPackageVertex","version":{"bug":7,"major":7,"minor":16,"prerelease":0}},{"package":"@babel/plugin-transform-shorthand-properties","type":"ResolvedPackageVertex","version":{"bug":7,"major":7,"minor":16,"prerelease":0}},{"package":"@babel/plugin-transform-template-literals","type":"ResolvedPackageVertex","version":{"bug":7,"major":7,"minor":16,"prerelease":0}},{"package":"@babel/plugin-transform-unicode-escapes","type":"ResolvedPackageVertex","version":{"bug":7,"major":7,"minor":16,"prerelease":0}},{"package":"@babel/plugin-syntax-top-level-await","type":"ResolvedPackageVertex","version":{"bug":5,"major":7,"minor":14,"prerelease":0}},{"package":"babel-plugin-polyfill-regenerator","type":"ResolvedPackageVertex","version":{"bug":1,"major":0,"minor":3,"prerelease":0}},{"package":"@babel/plugin-transform-spread","type":"ResolvedPackageVertex","version":{"bug":7,"major":7,"minor":16,"prerelease":0}},{"package":"@babel/plugin-transform-sticky-regex","type":"ResolvedPackageVertex","version":{"bug":7,"major":7,"minor":16,"prerelease":0}},{"package":"@babel/plugin-transform-unicode-regex","type":"ResolvedPackageVertex","version":{"bug":7,"major":7,"minor":16,"prerelease":0}},{"package":"@babel/types","type":"ResolvedPackageVertex","version":{"bug":0,"major":7,"minor":17,"prerelease":0}},{"package":"babel-plugin-polyfill-corejs3","type":"ResolvedPackageVertex","version":{"bug":0,"major":0,"minor":5,"prerelease":0}},{"package":"semver","type":"ResolvedPackageVertex","version":{"bug":0,"major":6,"minor":3,"prerelease":0}},{"package":"semver","type":"ResolvedPackageVertex","version":{"bug":0,"major":7,"minor":0,"prerelease":0}},{"package":"core-js-compat","type":"ResolvedPackageVertex","version":{"bug":0,"major":3,"minor":21,"prerelease":0}},{"package":"@babel/preset-modules","type":"ResolvedPackageVertex","version":{"bug":5,"major":0,"minor":1,"prerelease":0}},{"package":"@babel/plugin-transform-typeof-symbol","type":"ResolvedPackageVertex","version":{"bug":7,"major":7,"minor":16,"prerelease":0}},{"package":"@babel/helper-create-class-features-plugin","type":"ResolvedPackageVertex","version":{"bug":6,"major":7,"minor":17,"prerelease":0}},{"package":"@babel/helper-skip-transparent-expression-wrappers","type":"ResolvedPackageVertex","version":{"bug":0,"major":7,"minor":16,"prerelease":0}},{"package":"@babel/helper-create-regexp-features-plugin","type":"ResolvedPackageVertex","version":{"bug":0,"major":7,"minor":17,"prerelease":0}},{"package":"@babel/helper-annotate-as-pure","type":"ResolvedPackageVertex","version":{"bug":7,"major":7,"minor":16,"prerelease":0}},{"package":"@babel/helper-remap-async-to-generator","type":"ResolvedPackageVertex","version":{"bug":8,"major":7,"minor":16,"prerelease":0}},{"package":"@babel/helper-module-imports","type":"ResolvedPackageVertex","version":{"bug":7,"major":7,"minor":16,"prerelease":0}},{"package":"@babel/helper-function-name","type":"ResolvedPackageVertex","version":{"bug":7,"major":7,"minor":16,"prerelease":0}},{"package":"@babel/helper-builder-binary-assignment-operator-visitor","type":"ResolvedPackageVertex","version":{"bug":7,"major":7,"minor":16,"prerelease":0}},{"package":"globals","type":"ResolvedPackageVertex","version":{"bug":0,"major":11,"minor":9,"prerelease":0}},{"package":"@babel/helper-split-export-declaration","type":"ResolvedPackageVertex","version":{"bug":7,"major":7,"minor":16,"prerelease":0}},{"package":"@babel/helper-optimise-call-expression","type":"ResolvedPackageVertex","version":{"bug":7,"major":7,"minor":16,"prerelease":0}},{"package":"@babel/helper-environment-visitor","type":"ResolvedPackageVertex","version":{"bug":7,"major":7,"minor":16,"prerelease":0}},{"package":"@babel/helper-replace-supers","type":"ResolvedPackageVertex","version":{"bug":7,"major":7,"minor":16,"prerelease":0}},{"package":"babel-plugin-dynamic-import-node","type":"ResolvedPackageVertex","version":{"bug":3,"major":2,"minor":3,"prerelease":0}},{"package":"@babel/helper-module-transforms","type":"ResolvedPackageVertex","version":{"bug":7,"major":7,"minor":16,"prerelease":0}},{"package":"@babel/helper-hoist-variables","type":"ResolvedPackageVertex","version":{"bug":7,"major":7,"minor":16,"prerelease":0}},{"package":"@babel/helper-validator-identifier","type":"ResolvedPackageVertex","version":{"bug":7,"major":7,"minor":16,"prerelease":0}},{"package":"regenerator-transform","type":"ResolvedPackageVertex","version":{"bug":5,"major":0,"minor":14,"prerelease":0}},{"package":"@babel/helper-simple-access","type":"ResolvedPackageVertex","version":{"bug":7,"major":7,"minor":16,"prerelease":0}},{"package":"browserslist","type":"ResolvedPackageVertex","version":{"bug":2,"major":4,"minor":19,"prerelease":0}},{"package":"@babel/helper-define-polyfill-provider","type":"ResolvedPackageVertex","version":{"bug":1,"major":0,"minor":3,"prerelease":0}},{"package":"to-fast-properties","type":"ResolvedPackageVertex","version":{"bug":0,"major":2,"minor":0,"prerelease":0}},{"package":"esutils","type":"ResolvedPackageVertex","version":{"bug":2,"major":2,"minor":0,"prerelease":0}},{"package":"@babel/helper-member-expression-to-functions","type":"ResolvedPackageVertex","version":{"bug":7,"major":7,"minor":17,"prerelease":0}},{"package":"regexpu-core","type":"ResolvedPackageVertex","version":{"bug":1,"major":5,"minor":0,"prerelease":0}},{"package":"@babel/helper-wrap-function","type":"ResolvedPackageVertex","version":{"bug":8,"major":7,"minor":16,"prerelease":0}},{"package":"@babel/helper-get-function-arity","type":"ResolvedPackageVertex","version":{"bug":7,"major":7,"minor":16,"prerelease":0}},{"package":"@babel/template","type":"ResolvedPackageVertex","version":{"bug":7,"major":7,"minor":16,"prerelease":0}},{"package":"@babel/helper-explode-assignable-expression","type":"ResolvedPackageVertex","version":{"bug":7,"major":7,"minor":16,"prerelease":0}},{"package":"@babel/traverse","type":"ResolvedPackageVertex","version":{"bug":10,"major":7,"minor":16,"prerelease":0}},{"package":"object.assign","type":"ResolvedPackageVertex","version":{"bug":0,"major":4,"minor":1,"prerelease":0}},{"package":"@babel/runtime","type":"ResolvedPackageVertex","version":{"bug":2,"major":7,"minor":10,"prerelease":0}},{"package":"picocolors","type":"ResolvedPackageVertex","version":{"bug":0,"major":1,"minor":0,"prerelease":0}},{"package":"caniuse-lite","type":"ResolvedPackageVertex","version":{"bug":30001307,"major":1,"minor":0,"prerelease":0}},{"package":"node-releases","type":"ResolvedPackageVertex","version":{"bug":2,"major":2,"minor":0,"prerelease":0}},{"package":"escalade","type":"ResolvedPackageVertex","version":{"bug":1,"major":3,"minor":1,"prerelease":0}},{"package":"electron-to-chromium","type":"ResolvedPackageVertex","version":{"bug":75,"major":1,"minor":4,"prerelease":0}},{"package":"resolve","type":"ResolvedPackageVertex","version":{"bug":1,"major":1,"minor":15,"prerelease":0}},{"package":"debug","type":"ResolvedPackageVertex","version":{"bug":1,"major":4,"minor":1,"prerelease":0}},{"package":"lodash.debounce","type":"ResolvedPackageVertex","version":{"bug":8,"major":4,"minor":0,"prerelease":0}},{"package":"unicode-match-property-ecmascript","type":"ResolvedPackageVertex","version":{"bug":0,"major":2,"minor":0,"prerelease":0}},{"package":"regjsparser","type":"ResolvedPackageVertex","version":{"bug":3,"major":0,"minor":8,"prerelease":0}},{"package":"regjsgen","type":"ResolvedPackageVertex","version":{"bug":0,"major":0,"minor":6,"prerelease":0}},{"package":"unicode-match-property-value-ecmascript","type":"ResolvedPackageVertex","version":{"bug":0,"major":2,"minor":0,"prerelease":0}},{"package":"regenerate","type":"ResolvedPackageVertex","version":{"bug":2,"major":1,"minor":4,"prerelease":0}},{"package":"regenerate-unicode-properties","type":"ResolvedPackageVertex","version":{"bug":1,"major":10,"minor":0,"prerelease":0}},{"package":"@babel/code-frame","type":"ResolvedPackageVertex","version":{"bug":7,"major":7,"minor":16,"prerelease":0}},{"package":"@babel/parser","type":"ResolvedPackageVertex","version":{"bug":12,"major":7,"minor":16,"prerelease":0}},{"package":"@babel/generator","type":"ResolvedPackageVertex","version":{"bug":7,"major":7,"minor":17,"prerelease":0}},{"package":"function-bind","type":"ResolvedPackageVertex","version":{"bug":1,"major":1,"minor":1,"prerelease":0}},{"package":"has-symbols","type":"ResolvedPackageVertex","version":{"bug":2,"major":1,"minor":0,"prerelease":0}},{"package":"define-properties","type":"ResolvedPackageVertex","version":{"bug":3,"major":1,"minor":1,"prerelease":0}},{"package":"object-keys","type":"ResolvedPackageVertex","version":{"bug":1,"major":1,"minor":1,"prerelease":0}},{"package":"regenerator-runtime","type":"ResolvedPackageVertex","version":{"bug":8,"major":0,"minor":13,"prerelease":0}},{"package":"path-parse","type":"ResolvedPackageVertex","version":{"bug":6,"major":1,"minor":0,"prerelease":0}},{"package":"ms","type":"ResolvedPackageVertex","version":{"bug":3,"major":2,"minor":1,"prerelease":0}},{"package":"unicode-property-aliases-ecmascript","type":"ResolvedPackageVertex","version":{"bug":0,"major":2,"minor":0,"prerelease":0}},{"package":"unicode-canonical-property-names-ecmascript","type":"ResolvedPackageVertex","version":{"bug":0,"major":2,"minor":0,"prerelease":0}},{"package":"jsesc","type":"ResolvedPackageVertex","version":{"bug":0,"major":0,"minor":5,"prerelease":0}},{"package":"jsesc","type":"ResolvedPackageVertex","version":{"bug":1,"major":2,"minor":5,"prerelease":0}},{"package":"@babel/highlight","type":"ResolvedPackageVertex","version":{"bug":7,"major":7,"minor":16,"prerelease":0}},{"package":"source-map","type":"ResolvedPackageVertex","version":{"bug":1,"major":0,"minor":5,"prerelease":0}},{"package":"js-tokens","type":"ResolvedPackageVertex","version":{"bug":0,"major":4,"minor":0,"prerelease":0}},{"package":"chalk","type":"ResolvedPackageVertex","version":{"bug":0,"major":2,"minor":2,"prerelease":0}},{"package":"escape-string-regexp","type":"ResolvedPackageVertex","version":{"bug":5,"major":1,"minor":0,"prerelease":0}},{"package":"supports-color","type":"ResolvedPackageVertex","version":{"bug":0,"major":4,"minor":4,"prerelease":0}},{"package":"ansi-styles","type":"ResolvedPackageVertex","version":{"bug":0,"major":3,"minor":1,"prerelease":0}},{"package":"has-flag","type":"ResolvedPackageVertex","version":{"bug":0,"major":2,"minor":0,"prerelease":0}},{"package":"color-convert","type":"ResolvedPackageVertex","version":{"bug":2,"major":1,"minor":2,"prerelease":0}}]},"success":true}

