{"graph":{"context_vertex":0,"out_edge_array":[[1],[7,8,2,3,6,4],[9,10,4],[10,11],[],[],[10],[12],[],[],[17,7,8,16,13,14,15,4],[18,5],[20,19],[21],[],[22],[24,27,26,25,28,12,13,23],[9,29,18,4],[34,33,32,31,30],[],[],[],[],[],[35],[12],[36,37,12],[12,39,38],[],[],[],[],[],[],[],[20,41,40],[12],[24,28,12],[],[],[],[44,42,43],[],[45],[46],[],[]],"vertices":[{"type":"RootContextVertex"},{"package":"@babel/plugin-transform-runtime","type":"ResolvedPackageVertex","version":{"bug":0,"major":7,"minor":17,"prerelease":0}},{"package":"babel-plugin-polyfill-corejs2","type":"ResolvedPackageVertex","version":{"bug":0,"major":0,"minor":3,"prerelease":0}},{"package":"babel-plugin-polyfill-corejs3","type":"ResolvedPackageVertex","version":{"bug":0,"major":0,"minor":5,"prerelease":0}},{"package":"semver","type":"ResolvedPackageVertex","version":{"bug":0,"major":6,"minor":3,"prerelease":0}},{"package":"semver","type":"ResolvedPackageVertex","version":{"bug":0,"major":7,"minor":0,"prerelease":0}},{"package":"babel-plugin-polyfill-regenerator","type":"ResolvedPackageVertex","version":{"bug":0,"major":0,"minor":3,"prerelease":0}},{"package":"@babel/helper-module-imports","type":"ResolvedPackageVertex","version":{"bug":7,"major":7,"minor":16,"prerelease":0}},{"package":"@babel/helper-plugin-utils","type":"ResolvedPackageVertex","version":{"bug":7,"major":7,"minor":16,"prerelease":0}},{"package":"@babel/compat-data","type":"ResolvedPackageVertex","version":{"bug":0,"major":7,"minor":16,"prerelease":0}},{"package":"@babel/helper-define-polyfill-provider","type":"ResolvedPackageVertex","version":{"bug":0,"major":0,"minor":3,"prerelease":0}},{"package":"core-js-compat","type":"ResolvedPackageVertex","version":{"bug":2,"major":3,"minor":20,"prerelease":0}},{"package":"@babel/types","type":"ResolvedPackageVertex","version":{"bug":0,"major":7,"minor":17,"prerelease":0}},{"package":"debug","type":"ResolvedPackageVertex","version":{"bug":1,"major":4,"minor":1,"prerelease":0}},{"package":"lodash.debounce","type":"ResolvedPackageVertex","version":{"bug":8,"major":4,"minor":0,"prerelease":0}},{"package":"resolve","type":"ResolvedPackageVertex","version":{"bug":0,"major":1,"minor":15,"prerelease":0}},{"package":"@babel/traverse","type":"ResolvedPackageVertex","version":{"bug":17,"major":7,"minor":13,"prerelease":0}},{"package":"@babel/helper-compilation-targets","type":"ResolvedPackageVertex","version":{"bug":8,"major":7,"minor":13,"prerelease":0}},{"package":"browserslist","type":"ResolvedPackageVertex","version":{"bug":3,"major":4,"minor":19,"prerelease":0}},{"package":"to-fast-properties","type":"ResolvedPackageVertex","version":{"bug":0,"major":2,"minor":0,"prerelease":0}},{"package":"@babel/helper-validator-identifier","type":"ResolvedPackageVertex","version":{"bug":7,"major":7,"minor":16,"prerelease":0}},{"package":"ms","type":"ResolvedPackageVertex","version":{"bug":1,"major":2,"minor":1,"prerelease":0}},{"package":"path-parse","type":"ResolvedPackageVertex","version":{"bug":6,"major":1,"minor":0,"prerelease":0}},{"package":"globals","type":"ResolvedPackageVertex","version":{"bug":0,"major":11,"minor":4,"prerelease":0}},{"package":"@babel/code-frame","type":"ResolvedPackageVertex","version":{"bug":13,"major":7,"minor":12,"prerelease":0}},{"package":"@babel/helper-split-export-declaration","type":"ResolvedPackageVertex","version":{"bug":13,"major":7,"minor":12,"prerelease":0}},{"package":"@babel/helper-function-name","type":"ResolvedPackageVertex","version":{"bug":2,"major":7,"minor":14,"prerelease":0}},{"package":"@babel/generator","type":"ResolvedPackageVertex","version":{"bug":0,"major":7,"minor":17,"prerelease":0}},{"package":"@babel/parser","type":"ResolvedPackageVertex","version":{"bug":2,"major":7,"minor":16,"prerelease":0}},{"package":"@babel/helper-validator-option","type":"ResolvedPackageVertex","version":{"bug":5,"major":7,"minor":14,"prerelease":0}},{"package":"picocolors","type":"ResolvedPackageVertex","version":{"bug":0,"major":1,"minor":0,"prerelease":0}},{"package":"node-releases","type":"ResolvedPackageVertex","version":{"bug":2,"major":2,"minor":0,"prerelease":0}},{"package":"escalade","type":"ResolvedPackageVertex","version":{"bug":1,"major":3,"minor":1,"prerelease":0}},{"package":"electron-to-chromium","type":"ResolvedPackageVertex","version":{"bug":72,"major":1,"minor":4,"prerelease":0}},{"package":"caniuse-lite","type":"ResolvedPackageVertex","version":{"bug":30001312,"major":1,"minor":0,"prerelease":0}},{"package":"@babel/highlight","type":"ResolvedPackageVertex","version":{"bug":10,"major":7,"minor":13,"prerelease":0}},{"package":"@babel/helper-get-function-arity","type":"ResolvedPackageVertex","version":{"bug":13,"major":7,"minor":12,"prerelease":0}},{"package":"@babel/template","type":"ResolvedPackageVertex","version":{"bug":0,"major":7,"minor":16,"prerelease":0}},{"package":"source-map","type":"ResolvedPackageVertex","version":{"bug":1,"major":0,"minor":5,"prerelease":0}},{"package":"jsesc","type":"ResolvedPackageVertex","version":{"bug":2,"major":2,"minor":5,"prerelease":0}},{"package":"js-tokens","type":"ResolvedPackageVertex","version":{"bug":0,"major":4,"minor":0,"prerelease":0}},{"package":"chalk","type":"ResolvedPackageVertex","version":{"bug":0,"major":2,"minor":0,"prerelease":0}},{"package":"escape-string-regexp","type":"ResolvedPackageVertex","version":{"bug":5,"major":1,"minor":0,"prerelease":0}},{"package":"supports-color","type":"ResolvedPackageVertex","version":{"bug":0,"major":4,"minor":0,"prerelease":0}},{"package":"ansi-styles","type":"ResolvedPackageVertex","version":{"bug":0,"major":3,"minor":1,"prerelease":0}},{"package":"has-flag","type":"ResolvedPackageVertex","version":{"bug":0,"major":2,"minor":0,"prerelease":0}},{"package":"color-convert","type":"ResolvedPackageVertex","version":{"bug":1,"major":1,"minor":3,"prerelease":0}}]},"success":true}
