{"graph":{"context_vertex":0,"out_edge_array":[[1],[8,7,5,2,6,9,3,4],[15,10,12,11,16,14,6,13],[17],[],[],[18],[14],[21,20,19,4],[],[14,22,23],[14],[24,25,14],[],[27,26],[28],[],[],[],[30,32,29,31],[],[],[],[],[14],[15,16,14],[],[],[27,33,34],[],[],[],[],[37,35,36],[],[],[38],[39],[],[]],"vertices":[{"type":"RootContextVertex"},{"package":"@babel/helper-define-polyfill-provider","type":"ResolvedPackageVertex","version":{"bug":1,"major":0,"minor":3,"prerelease":0}},{"package":"@babel/traverse","type":"ResolvedPackageVertex","version":{"bug":2,"major":7,"minor":14,"prerelease":0}},{"package":"resolve","type":"ResolvedPackageVertex","version":{"bug":0,"major":1,"minor":16,"prerelease":0}},{"package":"semver","type":"ResolvedPackageVertex","version":{"bug":0,"major":6,"minor":3,"prerelease":0}},{"package":"@babel/helper-plugin-utils","type":"ResolvedPackageVertex","version":{"bug":5,"major":7,"minor":14,"prerelease":0}},{"package":"debug","type":"ResolvedPackageVertex","version":{"bug":1,"major":4,"minor":1,"prerelease":0}},{"package":"@babel/helper-module-imports","type":"ResolvedPackageVertex","version":{"bug":13,"major":7,"minor":12,"prerelease":0}},{"package":"@babel/helper-compilation-targets","type":"ResolvedPackageVertex","version":{"bug":8,"major":7,"minor":13,"prerelease":0}},{"package":"lodash.debounce","type":"ResolvedPackageVertex","version":{"bug":8,"major":4,"minor":0,"prerelease":0}},{"package":"@babel/generator","type":"ResolvedPackageVertex","version":{"bug":9,"major":7,"minor":14,"prerelease":0}},{"package":"@babel/helper-split-export-declaration","type":"ResolvedPackageVertex","version":{"bug":0,"major":7,"minor":16,"prerelease":0}},{"package":"@babel/helper-function-name","type":"ResolvedPackageVertex","version":{"bug":2,"major":7,"minor":14,"prerelease":0}},{"package":"globals","type":"ResolvedPackageVertex","version":{"bug":0,"major":11,"minor":4,"prerelease":0}},{"package":"@babel/types","type":"ResolvedPackageVertex","version":{"bug":7,"major":7,"minor":16,"prerelease":0}},{"package":"@babel/code-frame","type":"ResolvedPackageVertex","version":{"bug":8,"major":7,"minor":15,"prerelease":0}},{"package":"@babel/parser","type":"ResolvedPackageVertex","version":{"bug":4,"major":7,"minor":16,"prerelease":0}},{"package":"path-parse","type":"ResolvedPackageVertex","version":{"bug":6,"major":1,"minor":0,"prerelease":0}},{"package":"ms","type":"ResolvedPackageVertex","version":{"bug":1,"major":2,"minor":1,"prerelease":0}},{"package":"browserslist","type":"ResolvedPackageVertex","version":{"bug":5,"major":4,"minor":14,"prerelease":0}},{"package":"@babel/helper-validator-option","type":"ResolvedPackageVertex","version":{"bug":7,"major":7,"minor":16,"prerelease":0}},{"package":"@babel/compat-data","type":"ResolvedPackageVertex","version":{"bug":0,"major":7,"minor":16,"prerelease":0}},{"package":"jsesc","type":"ResolvedPackageVertex","version":{"bug":1,"major":2,"minor":5,"prerelease":0}},{"package":"source-map","type":"ResolvedPackageVertex","version":{"bug":3,"major":0,"minor":5,"prerelease":0}},{"package":"@babel/helper-get-function-arity","type":"ResolvedPackageVertex","version":{"bug":7,"major":7,"minor":16,"prerelease":0}},{"package":"@babel/template","type":"ResolvedPackageVertex","version":{"bug":5,"major":7,"minor":14,"prerelease":0}},{"package":"to-fast-properties","type":"ResolvedPackageVertex","version":{"bug":0,"major":2,"minor":0,"prerelease":0}},{"package":"@babel/helper-validator-identifier","type":"ResolvedPackageVertex","version":{"bug":7,"major":7,"minor":16,"prerelease":0}},{"package":"@babel/highlight","type":"ResolvedPackageVertex","version":{"bug":0,"major":7,"minor":16,"prerelease":0}},{"package":"escalade","type":"ResolvedPackageVertex","version":{"bug":0,"major":3,"minor":1,"prerelease":0}},{"package":"caniuse-lite","type":"ResolvedPackageVertex","version":{"bug":30001317,"major":1,"minor":0,"prerelease":0}},{"package":"node-releases","type":"ResolvedPackageVertex","version":{"bug":64,"major":1,"minor":1,"prerelease":0}},{"package":"electron-to-chromium","type":"ResolvedPackageVertex","version":{"bug":710,"major":1,"minor":3,"prerelease":0}},{"package":"chalk","type":"ResolvedPackageVertex","version":{"bug":1,"major":2,"minor":0,"prerelease":0}},{"package":"js-tokens","type":"ResolvedPackageVertex","version":{"bug":0,"major":4,"minor":0,"prerelease":0}},{"package":"escape-string-regexp","type":"ResolvedPackageVertex","version":{"bug":5,"major":1,"minor":0,"prerelease":0}},{"package":"supports-color","type":"ResolvedPackageVertex","version":{"bug":0,"major":4,"minor":1,"prerelease":0}},{"package":"ansi-styles","type":"ResolvedPackageVertex","version":{"bug":0,"major":3,"minor":1,"prerelease":0}},{"package":"has-flag","type":"ResolvedPackageVertex","version":{"bug":0,"major":2,"minor":0,"prerelease":0}},{"package":"color-convert","type":"ResolvedPackageVertex","version":{"bug":0,"major":1,"minor":0,"prerelease":0}}]},"success":true}
