{"graph":{"context_vertex":0,"out_edge_array":[[1],[5,2,4,3],[],[6],[7],[13,10,4,8,9,11,12,7],[16,14,15,17],[9,18],[7],[],[7],[19,20,7],[19,24,13,21,23,8,20,7,22,25],[7],[],[],[17],[],[],[26],[],[27,11,7],[28],[7],[7,29,30],[],[9,31,32],[7],[],[],[],[33,35,34],[],[36],[37],[],[],[]],"vertices":[{"type":"RootContextVertex"},{"package":"@babel/plugin-transform-modules-commonjs","type":"ResolvedPackageVertex","version":{"bug":7,"major":7,"minor":17,"prerelease":0}},{"package":"@babel/helper-plugin-utils","type":"ResolvedPackageVertex","version":{"bug":7,"major":7,"minor":16,"prerelease":0}},{"package":"babel-plugin-dynamic-import-node","type":"ResolvedPackageVertex","version":{"bug":3,"major":2,"minor":3,"prerelease":0}},{"package":"@babel/helper-simple-access","type":"ResolvedPackageVertex","version":{"bug":7,"major":7,"minor":17,"prerelease":0}},{"package":"@babel/helper-module-transforms","type":"ResolvedPackageVertex","version":{"bug":7,"major":7,"minor":17,"prerelease":0}},{"package":"object.assign","type":"ResolvedPackageVertex","version":{"bug":0,"major":4,"minor":1,"prerelease":0}},{"package":"@babel/types","type":"ResolvedPackageVertex","version":{"bug":0,"major":7,"minor":17,"prerelease":0}},{"package":"@babel/helper-split-export-declaration","type":"ResolvedPackageVertex","version":{"bug":7,"major":7,"minor":16,"prerelease":0}},{"package":"@babel/helper-validator-identifier","type":"ResolvedPackageVertex","version":{"bug":7,"major":7,"minor":16,"prerelease":0}},{"package":"@babel/helper-module-imports","type":"ResolvedPackageVertex","version":{"bug":7,"major":7,"minor":16,"prerelease":0}},{"package":"@babel/template","type":"ResolvedPackageVertex","version":{"bug":7,"major":7,"minor":16,"prerelease":0}},{"package":"@babel/traverse","type":"ResolvedPackageVertex","version":{"bug":3,"major":7,"minor":17,"prerelease":0}},{"package":"@babel/helper-environment-visitor","type":"ResolvedPackageVertex","version":{"bug":7,"major":7,"minor":16,"prerelease":0}},{"package":"function-bind","type":"ResolvedPackageVertex","version":{"bug":1,"major":1,"minor":1,"prerelease":0}},{"package":"has-symbols","type":"ResolvedPackageVertex","version":{"bug":0,"major":1,"minor":0,"prerelease":0}},{"package":"define-properties","type":"ResolvedPackageVertex","version":{"bug":3,"major":1,"minor":1,"prerelease":0}},{"package":"object-keys","type":"ResolvedPackageVertex","version":{"bug":1,"major":1,"minor":1,"prerelease":0}},{"package":"to-fast-properties","type":"ResolvedPackageVertex","version":{"bug":0,"major":2,"minor":0,"prerelease":0}},{"package":"@babel/code-frame","type":"ResolvedPackageVertex","version":{"bug":7,"major":7,"minor":16,"prerelease":0}},{"package":"@babel/parser","type":"ResolvedPackageVertex","version":{"bug":7,"major":7,"minor":17,"prerelease":0}},{"package":"@babel/helper-function-name","type":"ResolvedPackageVertex","version":{"bug":7,"major":7,"minor":16,"prerelease":0}},{"package":"debug","type":"ResolvedPackageVertex","version":{"bug":3,"major":4,"minor":3,"prerelease":0}},{"package":"@babel/helper-hoist-variables","type":"ResolvedPackageVertex","version":{"bug":7,"major":7,"minor":16,"prerelease":0}},{"package":"@babel/generator","type":"ResolvedPackageVertex","version":{"bug":7,"major":7,"minor":17,"prerelease":0}},{"package":"globals","type":"ResolvedPackageVertex","version":{"bug":0,"major":11,"minor":11,"prerelease":0}},{"package":"@babel/highlight","type":"ResolvedPackageVertex","version":{"bug":10,"major":7,"minor":16,"prerelease":0}},{"package":"@babel/helper-get-function-arity","type":"ResolvedPackageVertex","version":{"bug":7,"major":7,"minor":16,"prerelease":0}},{"package":"ms","type":"ResolvedPackageVertex","version":{"bug":2,"major":2,"minor":1,"prerelease":0}},{"package":"jsesc","type":"ResolvedPackageVertex","version":{"bug":2,"major":2,"minor":5,"prerelease":0}},{"package":"source-map","type":"ResolvedPackageVertex","version":{"bug":7,"major":0,"minor":5,"prerelease":0}},{"package":"chalk","type":"ResolvedPackageVertex","version":{"bug":0,"major":2,"minor":3,"prerelease":0}},{"package":"js-tokens","type":"ResolvedPackageVertex","version":{"bug":0,"major":4,"minor":0,"prerelease":0}},{"package":"ansi-styles","type":"ResolvedPackageVertex","version":{"bug":0,"major":3,"minor":1,"prerelease":0}},{"package":"supports-color","type":"ResolvedPackageVertex","version":{"bug":0,"major":4,"minor":5,"prerelease":0}},{"package":"escape-string-regexp","type":"ResolvedPackageVertex","version":{"bug":5,"major":1,"minor":0,"prerelease":0}},{"package":"color-convert","type":"ResolvedPackageVertex","version":{"bug":0,"major":1,"minor":4,"prerelease":0}},{"package":"has-flag","type":"ResolvedPackageVertex","version":{"bug":0,"major":2,"minor":0,"prerelease":0}}]},"success":true}

