{"graph":{"context_vertex":0,"out_edge_array":[[1],[10,4,2,9,5,3,6,7,8],[13,11,12],[14,15],[16],[],[17],[18],[],[19],[20,21,22,23],[],[],[],[24],[],[],[],[26,25],[],[],[],[],[27],[],[],[],[]],"vertices":[{"type":"RootContextVertex"},{"package":"@eslint/eslintrc","type":"ResolvedPackageVertex","version":{"bug":1,"major":1,"minor":2,"prerelease":0}},{"package":"espree","type":"ResolvedPackageVertex","version":{"bug":1,"major":9,"minor":3,"prerelease":0}},{"package":"import-fresh","type":"ResolvedPackageVertex","version":{"bug":1,"major":3,"minor":2,"prerelease":0}},{"package":"debug","type":"ResolvedPackageVertex","version":{"bug":4,"major":4,"minor":3,"prerelease":0}},{"package":"ignore","type":"ResolvedPackageVertex","version":{"bug":0,"major":5,"minor":2,"prerelease":0}},{"package":"js-yaml","type":"ResolvedPackageVertex","version":{"bug":0,"major":4,"minor":1,"prerelease":0}},{"package":"minimatch","type":"ResolvedPackageVertex","version":{"bug":8,"major":3,"minor":0,"prerelease":0}},{"package":"strip-json-comments","type":"ResolvedPackageVertex","version":{"bug":1,"major":3,"minor":1,"prerelease":0}},{"package":"globals","type":"ResolvedPackageVertex","version":{"bug":0,"major":13,"minor":9,"prerelease":0}},{"package":"ajv","type":"ResolvedPackageVertex","version":{"bug":5,"major":6,"minor":12,"prerelease":0}},{"package":"acorn-jsx","type":"ResolvedPackageVertex","version":{"bug":1,"major":5,"minor":3,"prerelease":0}},{"package":"eslint-visitor-keys","type":"ResolvedPackageVertex","version":{"bug":0,"major":3,"minor":3,"prerelease":0}},{"package":"acorn","type":"ResolvedPackageVertex","version":{"bug":0,"major":8,"minor":7,"prerelease":0}},{"package":"parent-module","type":"ResolvedPackageVertex","version":{"bug":0,"major":1,"minor":0,"prerelease":0}},{"package":"resolve-from","type":"ResolvedPackageVertex","version":{"bug":0,"major":4,"minor":0,"prerelease":0}},{"package":"ms","type":"ResolvedPackageVertex","version":{"bug":2,"major":2,"minor":1,"prerelease":0}},{"package":"argparse","type":"ResolvedPackageVertex","version":{"bug":1,"major":2,"minor":0,"prerelease":0}},{"package":"brace-expansion","type":"ResolvedPackageVertex","version":{"bug":11,"major":1,"minor":1,"prerelease":0}},{"package":"type-fest","type":"ResolvedPackageVertex","version":{"bug":2,"major":0,"minor":20,"prerelease":0}},{"package":"fast-deep-equal","type":"ResolvedPackageVertex","version":{"bug":1,"major":3,"minor":1,"prerelease":0}},{"package":"fast-json-stable-stringify","type":"ResolvedPackageVertex","version":{"bug":0,"major":2,"minor":0,"prerelease":0}},{"package":"json-schema-traverse","type":"ResolvedPackageVertex","version":{"bug":1,"major":0,"minor":4,"prerelease":0}},{"package":"uri-js","type":"ResolvedPackageVertex","version":{"bug":1,"major":4,"minor":4,"prerelease":0}},{"package":"callsites","type":"ResolvedPackageVertex","version":{"bug":0,"major":3,"minor":0,"prerelease":0}},{"package":"concat-map","type":"ResolvedPackageVertex","version":{"bug":1,"major":0,"minor":0,"prerelease":0}},{"package":"balanced-match","type":"ResolvedPackageVertex","version":{"bug":0,"major":1,"minor":0,"prerelease":0}},{"package":"punycode","type":"ResolvedPackageVertex","version":{"bug":0,"major":2,"minor":1,"prerelease":0}}]},"success":true}

