{"graph":{"context_vertex":0,"out_edge_array":[[1],[4,2,3,5],[6,10,3,7,8],[],[2,13,3,12,5,11],[2,3],[],[],[16,14],[18,39,15],[19],[2,3,8,20,21,22],[23,2,28,8,21,25,26,24,27],[29],[30],[31],[32],[],[33],[6],[],[],[],[34],[],[35,22],[36,17,37],[38],[],[40],[],[],[41],[41],[43,9,42],[44],[],[],[],[],[],[],[],[],[45],[46],[]],"vertices":[{"type":"RootContextVertex"},{"package":"@jest/environment","type":"ResolvedPackageVertex","version":{"bug":1,"major":27,"minor":5,"prerelease":0}},{"package":"@jest/types","type":"ResolvedPackageVertex","version":{"bug":1,"major":27,"minor":5,"prerelease":0}},{"package":"@types/node","type":"ResolvedPackageVertex","version":{"bug":15,"major":9,"minor":6,"prerelease":0}},{"package":"@jest/fake-timers","type":"ResolvedPackageVertex","version":{"bug":1,"major":27,"minor":5,"prerelease":0}},{"package":"jest-mock","type":"ResolvedPackageVertex","version":{"bug":1,"major":27,"minor":5,"prerelease":0}},{"package":"@types/istanbul-lib-coverage","type":"ResolvedPackageVertex","version":{"bug":1,"major":2,"minor":0,"prerelease":0}},{"package":"@types/yargs","type":"ResolvedPackageVertex","version":{"bug":18,"major":12,"minor":0,"prerelease":0}},{"package":"chalk","type":"ResolvedPackageVertex","version":{"bug":0,"major":4,"minor":1,"prerelease":0}},{"package":"chalk","type":"ResolvedPackageVertex","version":{"bug":0,"major":2,"minor":4,"prerelease":0}},{"package":"@types/istanbul-reports","type":"ResolvedPackageVertex","version":{"bug":1,"major":3,"minor":0,"prerelease":0}},{"package":"jest-util","type":"ResolvedPackageVertex","version":{"bug":1,"major":27,"minor":5,"prerelease":0}},{"package":"jest-message-util","type":"ResolvedPackageVertex","version":{"bug":1,"major":27,"minor":5,"prerelease":0}},{"package":"@sinonjs/fake-timers","type":"ResolvedPackageVertex","version":{"bug":0,"major":8,"minor":1,"prerelease":0}},{"package":"supports-color","type":"ResolvedPackageVertex","version":{"bug":0,"major":7,"minor":2,"prerelease":0}},{"package":"supports-color","type":"ResolvedPackageVertex","version":{"bug":0,"major":5,"minor":5,"prerelease":0}},{"package":"ansi-styles","type":"ResolvedPackageVertex","version":{"bug":0,"major":4,"minor":3,"prerelease":0}},{"package":"ansi-styles","type":"ResolvedPackageVertex","version":{"bug":0,"major":5,"minor":1,"prerelease":0}},{"package":"ansi-styles","type":"ResolvedPackageVertex","version":{"bug":1,"major":3,"minor":2,"prerelease":0}},{"package":"@types/istanbul-lib-report","type":"ResolvedPackageVertex","version":{"bug":1,"major":1,"minor":1,"prerelease":0}},{"package":"ci-info","type":"ResolvedPackageVertex","version":{"bug":0,"major":3,"minor":2,"prerelease":0}},{"package":"graceful-fs","type":"ResolvedPackageVertex","version":{"bug":9,"major":4,"minor":2,"prerelease":0}},{"package":"picomatch","type":"ResolvedPackageVertex","version":{"bug":1,"major":2,"minor":3,"prerelease":0}},{"package":"@babel/code-frame","type":"ResolvedPackageVertex","version":{"bug":8,"major":7,"minor":15,"prerelease":0}},{"package":"slash","type":"ResolvedPackageVertex","version":{"bug":0,"major":3,"minor":0,"prerelease":0}},{"package":"micromatch","type":"ResolvedPackageVertex","version":{"bug":5,"major":4,"minor":0,"prerelease":0}},{"package":"pretty-format","type":"ResolvedPackageVertex","version":{"bug":1,"major":27,"minor":5,"prerelease":0}},{"package":"stack-utils","type":"ResolvedPackageVertex","version":{"bug":3,"major":2,"minor":0,"prerelease":0}},{"package":"@types/stack-utils","type":"ResolvedPackageVertex","version":{"bug":0,"major":2,"minor":0,"prerelease":0}},{"package":"@sinonjs/commons","type":"ResolvedPackageVertex","version":{"bug":2,"major":1,"minor":7,"prerelease":0}},{"package":"has-flag","type":"ResolvedPackageVertex","version":{"bug":0,"major":4,"minor":0,"prerelease":0}},{"package":"has-flag","type":"ResolvedPackageVertex","version":{"bug":0,"major":3,"minor":0,"prerelease":0}},{"package":"color-convert","type":"ResolvedPackageVertex","version":{"bug":1,"major":2,"minor":0,"prerelease":0}},{"package":"color-convert","type":"ResolvedPackageVertex","version":{"bug":0,"major":1,"minor":9,"prerelease":0}},{"package":"@babel/highlight","type":"ResolvedPackageVertex","version":{"bug":5,"major":7,"minor":14,"prerelease":0}},{"package":"braces","type":"ResolvedPackageVertex","version":{"bug":2,"major":3,"minor":0,"prerelease":0}},{"package":"ansi-regex","type":"ResolvedPackageVertex","version":{"bug":1,"major":5,"minor":0,"prerelease":0}},{"package":"react-is","type":"ResolvedPackageVertex","version":{"bug":1,"major":17,"minor":0,"prerelease":0}},{"package":"escape-string-regexp","type":"ResolvedPackageVertex","version":{"bug":0,"major":2,"minor":0,"prerelease":0}},{"package":"escape-string-regexp","type":"ResolvedPackageVertex","version":{"bug":5,"major":1,"minor":0,"prerelease":0}},{"package":"type-detect","type":"ResolvedPackageVertex","version":{"bug":8,"major":4,"minor":0,"prerelease":0}},{"package":"color-name","type":"ResolvedPackageVertex","version":{"bug":4,"major":1,"minor":1,"prerelease":0}},{"package":"js-tokens","type":"ResolvedPackageVertex","version":{"bug":0,"major":4,"minor":0,"prerelease":0}},{"package":"@babel/helper-validator-identifier","type":"ResolvedPackageVertex","version":{"bug":9,"major":7,"minor":14,"prerelease":0}},{"package":"fill-range","type":"ResolvedPackageVertex","version":{"bug":1,"major":7,"minor":0,"prerelease":0}},{"package":"to-regex-range","type":"ResolvedPackageVertex","version":{"bug":1,"major":5,"minor":0,"prerelease":0}},{"package":"is-number","type":"ResolvedPackageVertex","version":{"bug":0,"major":7,"minor":0,"prerelease":0}}]},"success":true}

