{"graph":{"context_vertex":0,"out_edge_array":[[1],[2,7,5,3,6,4],[11,8,5,12,9],[13,2,15,9,16,14,17,19,18],[2,5,9,20,16,21],[],[2,5],[22],[23],[24,27],[26,35,28],[],[29],[30],[31,21],[],[],[32,25,33],[34],[],[],[],[36],[11],[37],[],[38],[39],[40],[],[41,10,42],[43],[],[],[],[],[],[44],[44],[],[],[],[],[45],[],[46],[]],"vertices":[{"type":"RootContextVertex"},{"package":"@jest/fake-timers","type":"ResolvedPackageVertex","version":{"bug":1,"major":27,"minor":5,"prerelease":0}},{"package":"@jest/types","type":"ResolvedPackageVertex","version":{"bug":1,"major":27,"minor":5,"prerelease":0}},{"package":"jest-message-util","type":"ResolvedPackageVertex","version":{"bug":1,"major":27,"minor":5,"prerelease":0}},{"package":"jest-util","type":"ResolvedPackageVertex","version":{"bug":1,"major":27,"minor":5,"prerelease":0}},{"package":"@types/node","type":"ResolvedPackageVertex","version":{"bug":24,"major":8,"minor":10,"prerelease":0}},{"package":"jest-mock","type":"ResolvedPackageVertex","version":{"bug":1,"major":27,"minor":5,"prerelease":0}},{"package":"@sinonjs/fake-timers","type":"ResolvedPackageVertex","version":{"bug":0,"major":8,"minor":1,"prerelease":0}},{"package":"@types/istanbul-reports","type":"ResolvedPackageVertex","version":{"bug":0,"major":3,"minor":0,"prerelease":0}},{"package":"chalk","type":"ResolvedPackageVertex","version":{"bug":0,"major":4,"minor":1,"prerelease":0}},{"package":"chalk","type":"ResolvedPackageVertex","version":{"bug":1,"major":2,"minor":3,"prerelease":0}},{"package":"@types/istanbul-lib-coverage","type":"ResolvedPackageVertex","version":{"bug":0,"major":2,"minor":0,"prerelease":0}},{"package":"@types/yargs","type":"ResolvedPackageVertex","version":{"bug":1,"major":16,"minor":0,"prerelease":0}},{"package":"@babel/code-frame","type":"ResolvedPackageVertex","version":{"bug":13,"major":7,"minor":12,"prerelease":0}},{"package":"micromatch","type":"ResolvedPackageVertex","version":{"bug":5,"major":4,"minor":0,"prerelease":0}},{"package":"@types/stack-utils","type":"ResolvedPackageVertex","version":{"bug":0,"major":2,"minor":0,"prerelease":0}},{"package":"graceful-fs","type":"ResolvedPackageVertex","version":{"bug":9,"major":4,"minor":2,"prerelease":0}},{"package":"pretty-format","type":"ResolvedPackageVertex","version":{"bug":1,"major":27,"minor":5,"prerelease":0}},{"package":"stack-utils","type":"ResolvedPackageVertex","version":{"bug":3,"major":2,"minor":0,"prerelease":0}},{"package":"slash","type":"ResolvedPackageVertex","version":{"bug":0,"major":3,"minor":0,"prerelease":0}},{"package":"ci-info","type":"ResolvedPackageVertex","version":{"bug":0,"major":3,"minor":2,"prerelease":0}},{"package":"picomatch","type":"ResolvedPackageVertex","version":{"bug":1,"major":2,"minor":3,"prerelease":0}},{"package":"@sinonjs/commons","type":"ResolvedPackageVertex","version":{"bug":2,"major":1,"minor":7,"prerelease":0}},{"package":"@types/istanbul-lib-report","type":"ResolvedPackageVertex","version":{"bug":1,"major":1,"minor":1,"prerelease":0}},{"package":"ansi-styles","type":"ResolvedPackageVertex","version":{"bug":0,"major":4,"minor":1,"prerelease":0}},{"package":"ansi-styles","type":"ResolvedPackageVertex","version":{"bug":0,"major":5,"minor":0,"prerelease":0}},{"package":"ansi-styles","type":"ResolvedPackageVertex","version":{"bug":1,"major":3,"minor":2,"prerelease":0}},{"package":"supports-color","type":"ResolvedPackageVertex","version":{"bug":0,"major":7,"minor":1,"prerelease":0}},{"package":"supports-color","type":"ResolvedPackageVertex","version":{"bug":0,"major":5,"minor":2,"prerelease":0}},{"package":"@types/yargs-parser","type":"ResolvedPackageVertex","version":{"bug":3,"major":11,"minor":0,"prerelease":0}},{"package":"@babel/highlight","type":"ResolvedPackageVertex","version":{"bug":13,"major":7,"minor":12,"prerelease":0}},{"package":"braces","type":"ResolvedPackageVertex","version":{"bug":2,"major":3,"minor":0,"prerelease":0}},{"package":"ansi-regex","type":"ResolvedPackageVertex","version":{"bug":1,"major":5,"minor":0,"prerelease":0}},{"package":"react-is","type":"ResolvedPackageVertex","version":{"bug":1,"major":17,"minor":0,"prerelease":0}},{"package":"escape-string-regexp","type":"ResolvedPackageVertex","version":{"bug":0,"major":2,"minor":0,"prerelease":0}},{"package":"escape-string-regexp","type":"ResolvedPackageVertex","version":{"bug":5,"major":1,"minor":0,"prerelease":0}},{"package":"type-detect","type":"ResolvedPackageVertex","version":{"bug":8,"major":4,"minor":0,"prerelease":0}},{"package":"color-convert","type":"ResolvedPackageVertex","version":{"bug":1,"major":2,"minor":0,"prerelease":0}},{"package":"color-convert","type":"ResolvedPackageVertex","version":{"bug":1,"major":1,"minor":9,"prerelease":0}},{"package":"has-flag","type":"ResolvedPackageVertex","version":{"bug":0,"major":4,"minor":0,"prerelease":0}},{"package":"has-flag","type":"ResolvedPackageVertex","version":{"bug":0,"major":3,"minor":0,"prerelease":0}},{"package":"@babel/helper-validator-identifier","type":"ResolvedPackageVertex","version":{"bug":9,"major":7,"minor":14,"prerelease":0}},{"package":"js-tokens","type":"ResolvedPackageVertex","version":{"bug":0,"major":4,"minor":0,"prerelease":0}},{"package":"fill-range","type":"ResolvedPackageVertex","version":{"bug":1,"major":7,"minor":0,"prerelease":0}},{"package":"color-name","type":"ResolvedPackageVertex","version":{"bug":4,"major":1,"minor":1,"prerelease":0}},{"package":"to-regex-range","type":"ResolvedPackageVertex","version":{"bug":1,"major":5,"minor":0,"prerelease":0}},{"package":"is-number","type":"ResolvedPackageVertex","version":{"bug":0,"major":7,"minor":0,"prerelease":0}}]},"success":true}
