{"graph":{"context_vertex":0,"out_edge_array":[[1],[2,3],[5,7,4,6],[11,10,8,9,19,14,16,15,17,18,13,12],[20,7],[21,20,7],[7],[23,22],[24],[24],[24],[24],[24],[24],[24],[24],[24],[24],[24],[24],[],[25],[],[],[],[23,26,27],[29,30,28],[],[31],[32],[],[],[]],"vertices":[{"type":"RootContextVertex"},{"package":"babel-preset-jest","type":"ResolvedPackageVertex","version":{"bug":1,"major":27,"minor":5,"prerelease":0}},{"package":"babel-plugin-jest-hoist","type":"ResolvedPackageVertex","version":{"bug":1,"major":27,"minor":5,"prerelease":0}},{"package":"babel-preset-current-node-syntax","type":"ResolvedPackageVertex","version":{"bug":1,"major":1,"minor":0,"prerelease":0}},{"package":"@types/babel__core","type":"ResolvedPackageVertex","version":{"bug":2,"major":7,"minor":0,"prerelease":0}},{"package":"@babel/template","type":"ResolvedPackageVertex","version":{"bug":0,"major":7,"minor":6,"prerelease":0}},{"package":"@types/babel__traverse","type":"ResolvedPackageVertex","version":{"bug":0,"major":7,"minor":11,"prerelease":0}},{"package":"@babel/types","type":"ResolvedPackageVertex","version":{"bug":0,"major":7,"minor":15,"prerelease":0}},{"package":"@babel/plugin-syntax-class-properties","type":"ResolvedPackageVertex","version":{"bug":3,"major":7,"minor":8,"prerelease":0}},{"package":"@babel/plugin-syntax-import-meta","type":"ResolvedPackageVertex","version":{"bug":3,"major":7,"minor":8,"prerelease":0}},{"package":"@babel/plugin-syntax-bigint","type":"ResolvedPackageVertex","version":{"bug":3,"major":7,"minor":8,"prerelease":0}},{"package":"@babel/plugin-syntax-async-generators","type":"ResolvedPackageVertex","version":{"bug":4,"major":7,"minor":8,"prerelease":0}},{"package":"@babel/plugin-syntax-top-level-await","type":"ResolvedPackageVertex","version":{"bug":1,"major":7,"minor":10,"prerelease":0}},{"package":"@babel/plugin-syntax-optional-chaining","type":"ResolvedPackageVertex","version":{"bug":3,"major":7,"minor":8,"prerelease":0}},{"package":"@babel/plugin-syntax-logical-assignment-operators","type":"ResolvedPackageVertex","version":{"bug":1,"major":7,"minor":10,"prerelease":0}},{"package":"@babel/plugin-syntax-numeric-separator","type":"ResolvedPackageVertex","version":{"bug":4,"major":7,"minor":10,"prerelease":0}},{"package":"@babel/plugin-syntax-nullish-coalescing-operator","type":"ResolvedPackageVertex","version":{"bug":3,"major":7,"minor":8,"prerelease":0}},{"package":"@babel/plugin-syntax-object-rest-spread","type":"ResolvedPackageVertex","version":{"bug":3,"major":7,"minor":8,"prerelease":0}},{"package":"@babel/plugin-syntax-optional-catch-binding","type":"ResolvedPackageVertex","version":{"bug":3,"major":7,"minor":8,"prerelease":0}},{"package":"@babel/plugin-syntax-json-strings","type":"ResolvedPackageVertex","version":{"bug":3,"major":7,"minor":8,"prerelease":0}},{"package":"@babel/parser","type":"ResolvedPackageVertex","version":{"bug":0,"major":7,"minor":7,"prerelease":0}},{"package":"@babel/code-frame","type":"ResolvedPackageVertex","version":{"bug":3,"major":7,"minor":10,"prerelease":0}},{"package":"to-fast-properties","type":"ResolvedPackageVertex","version":{"bug":0,"major":2,"minor":0,"prerelease":0}},{"package":"@babel/helper-validator-identifier","type":"ResolvedPackageVertex","version":{"bug":7,"major":7,"minor":16,"prerelease":0}},{"package":"@babel/helper-plugin-utils","type":"ResolvedPackageVertex","version":{"bug":4,"major":7,"minor":10,"prerelease":0}},{"package":"@babel/highlight","type":"ResolvedPackageVertex","version":{"bug":0,"major":7,"minor":16,"prerelease":0}},{"package":"chalk","type":"ResolvedPackageVertex","version":{"bug":1,"major":2,"minor":3,"prerelease":0}},{"package":"js-tokens","type":"ResolvedPackageVertex","version":{"bug":0,"major":4,"minor":0,"prerelease":0}},{"package":"supports-color","type":"ResolvedPackageVertex","version":{"bug":0,"major":5,"minor":3,"prerelease":0}},{"package":"ansi-styles","type":"ResolvedPackageVertex","version":{"bug":0,"major":3,"minor":2,"prerelease":0}},{"package":"escape-string-regexp","type":"ResolvedPackageVertex","version":{"bug":5,"major":1,"minor":0,"prerelease":0}},{"package":"has-flag","type":"ResolvedPackageVertex","version":{"bug":0,"major":3,"minor":0,"prerelease":0}},{"package":"color-convert","type":"ResolvedPackageVertex","version":{"bug":0,"major":1,"minor":1,"prerelease":0}}]},"success":true}

