{"graph":{"context_vertex":0,"out_edge_array":[[1],[2,4,5,3],[7,6,4],[4],[9,8],[6,4],[],[10],[],[],[9,12,11],[],[14,13,15],[],[16],[17],[],[]],"vertices":[{"type":"RootContextVertex"},{"package":"babel-plugin-jest-hoist","type":"ResolvedPackageVertex","version":{"bug":1,"major":27,"minor":5,"prerelease":0}},{"package":"@babel/template","type":"ResolvedPackageVertex","version":{"bug":0,"major":7,"minor":10,"prerelease":0}},{"package":"@types/babel__traverse","type":"ResolvedPackageVertex","version":{"bug":9,"major":7,"minor":0,"prerelease":0}},{"package":"@babel/types","type":"ResolvedPackageVertex","version":{"bug":4,"major":7,"minor":14,"prerelease":0}},{"package":"@types/babel__core","type":"ResolvedPackageVertex","version":{"bug":3,"major":7,"minor":0,"prerelease":0}},{"package":"@babel/parser","type":"ResolvedPackageVertex","version":{"bug":8,"major":7,"minor":14,"prerelease":0}},{"package":"@babel/code-frame","type":"ResolvedPackageVertex","version":{"bug":4,"major":7,"minor":10,"prerelease":0}},{"package":"to-fast-properties","type":"ResolvedPackageVertex","version":{"bug":0,"major":2,"minor":0,"prerelease":0}},{"package":"@babel/helper-validator-identifier","type":"ResolvedPackageVertex","version":{"bug":8,"major":7,"minor":14,"prerelease":0}},{"package":"@babel/highlight","type":"ResolvedPackageVertex","version":{"bug":13,"major":7,"minor":12,"prerelease":0}},{"package":"js-tokens","type":"ResolvedPackageVertex","version":{"bug":0,"major":4,"minor":0,"prerelease":0}},{"package":"chalk","type":"ResolvedPackageVertex","version":{"bug":0,"major":2,"minor":0,"prerelease":0}},{"package":"escape-string-regexp","type":"ResolvedPackageVertex","version":{"bug":5,"major":1,"minor":0,"prerelease":0}},{"package":"ansi-styles","type":"ResolvedPackageVertex","version":{"bug":0,"major":3,"minor":1,"prerelease":0}},{"package":"supports-color","type":"ResolvedPackageVertex","version":{"bug":0,"major":4,"minor":3,"prerelease":0}},{"package":"color-convert","type":"ResolvedPackageVertex","version":{"bug":1,"major":1,"minor":1,"prerelease":0}},{"package":"has-flag","type":"ResolvedPackageVertex","version":{"bug":0,"major":2,"minor":0,"prerelease":0}}]},"success":true}

