{"graph":{"context_vertex":0,"out_edge_array":[[1],[16,37,19,3,2,6,24,4,31,18,21,28,20,5,25,15,30,33,9,17,32,8,23,7,26,10,27,11,12,14,29,13,34,36,35],[38,39,40],[42,41],[],[],[43],[44],[],[45],[47,46],[48],[],[49],[47,51,50,46,10,52],[53],[19,6,28,9,17,32,7,11,34],[],[22],[25,54,55,56],[57],[],[],[58],[5],[],[],[],[60,59,21],[],[],[61,57],[63,62],[23],[],[],[],[64,6,11],[],[65],[66],[67],[68],[],[],[],[47],[],[69,70],[],[],[],[],[71,72],[],[],[73],[],[],[],[],[57],[],[74],[],[],[],[],[75],[],[],[],[76],[],[],[],[77,79,78,11,80,81],[],[],[80,82],[],[],[]],"vertices":[{"type":"RootContextVertex"},{"package":"eslint","type":"ResolvedPackageVertex","version":{"bug":0,"major":8,"minor":12,"prerelease":0}},{"package":"cross-spawn","type":"ResolvedPackageVertex","version":{"bug":2,"major":7,"minor":0,"prerelease":0}},{"package":"chalk","type":"ResolvedPackageVertex","version":{"bug":0,"major":4,"minor":0,"prerelease":0}},{"package":"escape-string-regexp","type":"ResolvedPackageVertex","version":{"bug":0,"major":4,"minor":0,"prerelease":0}},{"package":"esutils","type":"ResolvedPackageVertex","version":{"bug":2,"major":2,"minor":0,"prerelease":0}},{"package":"debug","type":"ResolvedPackageVertex","version":{"bug":2,"major":4,"minor":3,"prerelease":0}},{"package":"js-yaml","type":"ResolvedPackageVertex","version":{"bug":0,"major":4,"minor":1,"prerelease":0}},{"package":"imurmurhash","type":"ResolvedPackageVertex","version":{"bug":4,"major":0,"minor":1,"prerelease":0}},{"package":"globals","type":"ResolvedPackageVertex","version":{"bug":0,"major":13,"minor":9,"prerelease":0}},{"package":"levn","type":"ResolvedPackageVertex","version":{"bug":1,"major":0,"minor":4,"prerelease":0}},{"package":"minimatch","type":"ResolvedPackageVertex","version":{"bug":7,"major":3,"minor":0,"prerelease":0}},{"package":"natural-compare","type":"ResolvedPackageVertex","version":{"bug":0,"major":1,"minor":4,"prerelease":0}},{"package":"strip-ansi","type":"ResolvedPackageVertex","version":{"bug":1,"major":6,"minor":0,"prerelease":0}},{"package":"optionator","type":"ResolvedPackageVertex","version":{"bug":1,"major":0,"minor":9,"prerelease":0}},{"package":"file-entry-cache","type":"ResolvedPackageVertex","version":{"bug":1,"major":6,"minor":0,"prerelease":0}},{"package":"@eslint/eslintrc","type":"ResolvedPackageVertex","version":{"bug":1,"major":1,"minor":2,"prerelease":0}},{"package":"ignore","type":"ResolvedPackageVertex","version":{"bug":0,"major":5,"minor":2,"prerelease":0}},{"package":"eslint-utils","type":"ResolvedPackageVertex","version":{"bug":0,"major":3,"minor":0,"prerelease":0}},{"package":"ajv","type":"ResolvedPackageVertex","version":{"bug":5,"major":6,"minor":12,"prerelease":0}},{"package":"esquery","type":"ResolvedPackageVertex","version":{"bug":0,"major":1,"minor":4,"prerelease":0}},{"package":"eslint-visitor-keys","type":"ResolvedPackageVertex","version":{"bug":0,"major":3,"minor":3,"prerelease":0}},{"package":"eslint-visitor-keys","type":"ResolvedPackageVertex","version":{"bug":0,"major":2,"minor":1,"prerelease":0}},{"package":"is-glob","type":"ResolvedPackageVertex","version":{"bug":1,"major":4,"minor":0,"prerelease":0}},{"package":"doctrine","type":"ResolvedPackageVertex","version":{"bug":0,"major":3,"minor":0,"prerelease":0}},{"package":"fast-deep-equal","type":"ResolvedPackageVertex","version":{"bug":3,"major":3,"minor":1,"prerelease":0}},{"package":"json-stable-stringify-without-jsonify","type":"ResolvedPackageVertex","version":{"bug":1,"major":1,"minor":0,"prerelease":0}},{"package":"lodash.merge","type":"ResolvedPackageVertex","version":{"bug":2,"major":4,"minor":6,"prerelease":0}},{"package":"espree","type":"ResolvedPackageVertex","version":{"bug":1,"major":9,"minor":3,"prerelease":0}},{"package":"regexpp","type":"ResolvedPackageVertex","version":{"bug":0,"major":3,"minor":2,"prerelease":0}},{"package":"functional-red-black-tree","type":"ResolvedPackageVertex","version":{"bug":1,"major":1,"minor":0,"prerelease":0}},{"package":"eslint-scope","type":"ResolvedPackageVertex","version":{"bug":1,"major":7,"minor":1,"prerelease":0}},{"package":"import-fresh","type":"ResolvedPackageVertex","version":{"bug":2,"major":3,"minor":2,"prerelease":0}},{"package":"glob-parent","type":"ResolvedPackageVertex","version":{"bug":1,"major":6,"minor":0,"prerelease":0}},{"package":"strip-json-comments","type":"ResolvedPackageVertex","version":{"bug":1,"major":3,"minor":1,"prerelease":0}},{"package":"v8-compile-cache","type":"ResolvedPackageVertex","version":{"bug":3,"major":2,"minor":0,"prerelease":0}},{"package":"text-table","type":"ResolvedPackageVertex","version":{"bug":0,"major":0,"minor":2,"prerelease":0}},{"package":"@humanwhocodes/config-array","type":"ResolvedPackageVertex","version":{"bug":3,"major":0,"minor":9,"prerelease":0}},{"package":"path-key","type":"ResolvedPackageVertex","version":{"bug":1,"major":3,"minor":1,"prerelease":0}},{"package":"shebang-command","type":"ResolvedPackageVertex","version":{"bug":0,"major":2,"minor":0,"prerelease":0}},{"package":"which","type":"ResolvedPackageVertex","version":{"bug":1,"major":2,"minor":0,"prerelease":0}},{"package":"supports-color","type":"ResolvedPackageVertex","version":{"bug":0,"major":7,"minor":1,"prerelease":0}},{"package":"ansi-styles","type":"ResolvedPackageVertex","version":{"bug":0,"major":4,"minor":3,"prerelease":0}},{"package":"ms","type":"ResolvedPackageVertex","version":{"bug":2,"major":2,"minor":1,"prerelease":0}},{"package":"argparse","type":"ResolvedPackageVertex","version":{"bug":1,"major":2,"minor":0,"prerelease":0}},{"package":"type-fest","type":"ResolvedPackageVertex","version":{"bug":2,"major":0,"minor":20,"prerelease":0}},{"package":"type-check","type":"ResolvedPackageVertex","version":{"bug":0,"major":0,"minor":4,"prerelease":0}},{"package":"prelude-ls","type":"ResolvedPackageVertex","version":{"bug":1,"major":1,"minor":2,"prerelease":0}},{"package":"brace-expansion","type":"ResolvedPackageVertex","version":{"bug":11,"major":1,"minor":1,"prerelease":0}},{"package":"ansi-regex","type":"ResolvedPackageVertex","version":{"bug":1,"major":5,"minor":0,"prerelease":0}},{"package":"word-wrap","type":"ResolvedPackageVertex","version":{"bug":3,"major":1,"minor":2,"prerelease":0}},{"package":"deep-is","type":"ResolvedPackageVertex","version":{"bug":4,"major":0,"minor":1,"prerelease":0}},{"package":"fast-levenshtein","type":"ResolvedPackageVertex","version":{"bug":6,"major":2,"minor":0,"prerelease":0}},{"package":"flat-cache","type":"ResolvedPackageVertex","version":{"bug":4,"major":3,"minor":0,"prerelease":0}},{"package":"fast-json-stable-stringify","type":"ResolvedPackageVertex","version":{"bug":0,"major":2,"minor":0,"prerelease":0}},{"package":"json-schema-traverse","type":"ResolvedPackageVertex","version":{"bug":1,"major":0,"minor":4,"prerelease":0}},{"package":"uri-js","type":"ResolvedPackageVertex","version":{"bug":1,"major":4,"minor":4,"prerelease":0}},{"package":"estraverse","type":"ResolvedPackageVertex","version":{"bug":0,"major":5,"minor":2,"prerelease":0}},{"package":"is-extglob","type":"ResolvedPackageVertex","version":{"bug":1,"major":2,"minor":1,"prerelease":0}},{"package":"acorn-jsx","type":"ResolvedPackageVertex","version":{"bug":1,"major":5,"minor":3,"prerelease":0}},{"package":"acorn","type":"ResolvedPackageVertex","version":{"bug":0,"major":8,"minor":7,"prerelease":0}},{"package":"esrecurse","type":"ResolvedPackageVertex","version":{"bug":0,"major":4,"minor":3,"prerelease":0}},{"package":"resolve-from","type":"ResolvedPackageVertex","version":{"bug":0,"major":4,"minor":0,"prerelease":0}},{"package":"parent-module","type":"ResolvedPackageVertex","version":{"bug":1,"major":1,"minor":0,"prerelease":0}},{"package":"@humanwhocodes/object-schema","type":"ResolvedPackageVertex","version":{"bug":1,"major":1,"minor":2,"prerelease":0}},{"package":"shebang-regex","type":"ResolvedPackageVertex","version":{"bug":0,"major":3,"minor":0,"prerelease":0}},{"package":"isexe","type":"ResolvedPackageVertex","version":{"bug":0,"major":2,"minor":0,"prerelease":0}},{"package":"has-flag","type":"ResolvedPackageVertex","version":{"bug":0,"major":4,"minor":0,"prerelease":0}},{"package":"color-convert","type":"ResolvedPackageVertex","version":{"bug":1,"major":2,"minor":0,"prerelease":0}},{"package":"balanced-match","type":"ResolvedPackageVertex","version":{"bug":2,"major":1,"minor":0,"prerelease":0}},{"package":"concat-map","type":"ResolvedPackageVertex","version":{"bug":1,"major":0,"minor":0,"prerelease":0}},{"package":"flatted","type":"ResolvedPackageVertex","version":{"bug":0,"major":3,"minor":2,"prerelease":0}},{"package":"rimraf","type":"ResolvedPackageVertex","version":{"bug":2,"major":3,"minor":0,"prerelease":0}},{"package":"punycode","type":"ResolvedPackageVertex","version":{"bug":1,"major":2,"minor":1,"prerelease":0}},{"package":"callsites","type":"ResolvedPackageVertex","version":{"bug":0,"major":3,"minor":0,"prerelease":0}},{"package":"color-name","type":"ResolvedPackageVertex","version":{"bug":4,"major":1,"minor":1,"prerelease":0}},{"package":"glob","type":"ResolvedPackageVertex","version":{"bug":7,"major":7,"minor":1,"prerelease":0}},{"package":"fs.realpath","type":"ResolvedPackageVertex","version":{"bug":0,"major":1,"minor":0,"prerelease":0}},{"package":"inherits","type":"ResolvedPackageVertex","version":{"bug":3,"major":2,"minor":0,"prerelease":0}},{"package":"inflight","type":"ResolvedPackageVertex","version":{"bug":4,"major":1,"minor":0,"prerelease":0}},{"package":"once","type":"ResolvedPackageVertex","version":{"bug":0,"major":1,"minor":3,"prerelease":0}},{"package":"path-is-absolute","type":"ResolvedPackageVertex","version":{"bug":0,"major":1,"minor":0,"prerelease":0}},{"package":"wrappy","type":"ResolvedPackageVertex","version":{"bug":1,"major":1,"minor":0,"prerelease":0}}]},"success":true}

