{"graph":{"context_vertex":0,"out_edge_array":[[1],[7,6,4,5,2],[],[],[],[],[],[19,9,11,18,6,8,12,20,13,15,14,16,17,3,10],[19,6,20],[20,21,10],[],[26,24,25,22,23,8,12,20],[19,9,26,28,29,22,6,20,15,27],[30],[],[31],[],[],[8,12,20],[32],[23,33],[],[20],[],[20],[20],[20],[],[34,8,20],[20],[],[],[23,36,35],[],[20],[],[39,37,38],[],[40],[41],[],[]],"vertices":[{"type":"RootContextVertex"},{"package":"istanbul-lib-instrument","type":"ResolvedPackageVertex","version":{"bug":0,"major":5,"minor":1,"prerelease":0}},{"package":"semver","type":"ResolvedPackageVertex","version":{"bug":0,"major":6,"minor":3,"prerelease":0}},{"package":"semver","type":"ResolvedPackageVertex","version":{"bug":1,"major":5,"minor":7,"prerelease":0}},{"package":"@istanbuljs/schema","type":"ResolvedPackageVertex","version":{"bug":2,"major":0,"minor":1,"prerelease":0}},{"package":"istanbul-lib-coverage","type":"ResolvedPackageVertex","version":{"bug":0,"major":3,"minor":2,"prerelease":0}},{"package":"@babel/parser","type":"ResolvedPackageVertex","version":{"bug":7,"major":7,"minor":16,"prerelease":0}},{"package":"@babel/core","type":"ResolvedPackageVertex","version":{"bug":10,"major":7,"minor":12,"prerelease":0}},{"package":"@babel/template","type":"ResolvedPackageVertex","version":{"bug":0,"major":7,"minor":16,"prerelease":0}},{"package":"@babel/generator","type":"ResolvedPackageVertex","version":{"bug":7,"major":7,"minor":17,"prerelease":0}},{"package":"source-map","type":"ResolvedPackageVertex","version":{"bug":0,"major":0,"minor":5,"prerelease":0}},{"package":"@babel/helper-module-transforms","type":"ResolvedPackageVertex","version":{"bug":5,"major":7,"minor":16,"prerelease":0}},{"package":"@babel/traverse","type":"ResolvedPackageVertex","version":{"bug":5,"major":7,"minor":16,"prerelease":0}},{"package":"convert-source-map","type":"ResolvedPackageVertex","version":{"bug":0,"major":1,"minor":8,"prerelease":0}},{"package":"gensync","type":"ResolvedPackageVertex","version":{"bug":0,"major":1,"minor":0,"prerelease":3}},{"package":"debug","type":"ResolvedPackageVertex","version":{"bug":0,"major":4,"minor":2,"prerelease":0}},{"package":"json5","type":"ResolvedPackageVertex","version":{"bug":1,"major":2,"minor":2,"prerelease":0}},{"package":"lodash","type":"ResolvedPackageVertex","version":{"bug":19,"major":4,"minor":17,"prerelease":0}},{"package":"@babel/helpers","type":"ResolvedPackageVertex","version":{"bug":3,"major":7,"minor":15,"prerelease":0}},{"package":"@babel/code-frame","type":"ResolvedPackageVertex","version":{"bug":11,"major":7,"minor":12,"prerelease":0}},{"package":"@babel/types","type":"ResolvedPackageVertex","version":{"bug":0,"major":7,"minor":17,"prerelease":0}},{"package":"jsesc","type":"ResolvedPackageVertex","version":{"bug":1,"major":2,"minor":5,"prerelease":0}},{"package":"@babel/helper-split-export-declaration","type":"ResolvedPackageVertex","version":{"bug":0,"major":7,"minor":16,"prerelease":0}},{"package":"@babel/helper-validator-identifier","type":"ResolvedPackageVertex","version":{"bug":7,"major":7,"minor":16,"prerelease":0}},{"package":"@babel/helper-module-imports","type":"ResolvedPackageVertex","version":{"bug":7,"major":7,"minor":16,"prerelease":0}},{"package":"@babel/helper-simple-access","type":"ResolvedPackageVertex","version":{"bug":7,"major":7,"minor":16,"prerelease":0}},{"package":"@babel/helper-environment-visitor","type":"ResolvedPackageVertex","version":{"bug":7,"major":7,"minor":16,"prerelease":0}},{"package":"globals","type":"ResolvedPackageVertex","version":{"bug":0,"major":11,"minor":5,"prerelease":0}},{"package":"@babel/helper-function-name","type":"ResolvedPackageVertex","version":{"bug":2,"major":7,"minor":14,"prerelease":0}},{"package":"@babel/helper-hoist-variables","type":"ResolvedPackageVertex","version":{"bug":0,"major":7,"minor":16,"prerelease":0}},{"package":"safe-buffer","type":"ResolvedPackageVertex","version":{"bug":2,"major":5,"minor":1,"prerelease":0}},{"package":"ms","type":"ResolvedPackageVertex","version":{"bug":2,"major":2,"minor":1,"prerelease":0}},{"package":"@babel/highlight","type":"ResolvedPackageVertex","version":{"bug":8,"major":7,"minor":13,"prerelease":0}},{"package":"to-fast-properties","type":"ResolvedPackageVertex","version":{"bug":0,"major":2,"minor":0,"prerelease":0}},{"package":"@babel/helper-get-function-arity","type":"ResolvedPackageVertex","version":{"bug":7,"major":7,"minor":16,"prerelease":0}},{"package":"js-tokens","type":"ResolvedPackageVertex","version":{"bug":0,"major":4,"minor":0,"prerelease":0}},{"package":"chalk","type":"ResolvedPackageVertex","version":{"bug":0,"major":2,"minor":1,"prerelease":0}},{"package":"escape-string-regexp","type":"ResolvedPackageVertex","version":{"bug":5,"major":1,"minor":0,"prerelease":0}},{"package":"supports-color","type":"ResolvedPackageVertex","version":{"bug":0,"major":4,"minor":1,"prerelease":0}},{"package":"ansi-styles","type":"ResolvedPackageVertex","version":{"bug":0,"major":3,"minor":1,"prerelease":0}},{"package":"has-flag","type":"ResolvedPackageVertex","version":{"bug":0,"major":2,"minor":0,"prerelease":0}},{"package":"color-convert","type":"ResolvedPackageVertex","version":{"bug":0,"major":1,"minor":2,"prerelease":0}}]},"success":true}

