{"graph":{"context_vertex":0,"out_edge_array":[[1],[11,2,10,5,6,4,3,9,7,8],[12,14],[11,18,2,16,17,19],[11,22,2,21,10,20],[11,28,22,23,30,10,29,24,4,26,25,27],[],[],[],[32,31],[],[35,33,22,34,2],[36],[],[37],[37],[],[],[],[39,13,38],[],[],[],[40,20],[22,10],[41,20],[22,42,15],[43],[22],[],[44],[],[45],[46],[47],[],[48],[],[],[],[],[49],[],[],[50],[51],[35],[],[],[52],[],[],[53],[]],"vertices":[{"type":"RootContextVertex"},{"package":"jest-resolve","type":"ResolvedPackageVertex","version":{"bug":1,"major":27,"minor":5,"prerelease":0}},{"package":"chalk","type":"ResolvedPackageVertex","version":{"bug":1,"major":4,"minor":1,"prerelease":0}},{"package":"jest-validate","type":"ResolvedPackageVertex","version":{"bug":1,"major":27,"minor":5,"prerelease":0}},{"package":"jest-util","type":"ResolvedPackageVertex","version":{"bug":1,"major":27,"minor":5,"prerelease":0}},{"package":"jest-haste-map","type":"ResolvedPackageVertex","version":{"bug":1,"major":27,"minor":5,"prerelease":0}},{"package":"jest-pnp-resolver","type":"ResolvedPackageVertex","version":{"bug":2,"major":1,"minor":2,"prerelease":0}},{"package":"resolve.exports","type":"ResolvedPackageVertex","version":{"bug":0,"major":1,"minor":1,"prerelease":0}},{"package":"slash","type":"ResolvedPackageVertex","version":{"bug":0,"major":3,"minor":0,"prerelease":0}},{"package":"resolve","type":"ResolvedPackageVertex","version":{"bug":0,"major":1,"minor":20,"prerelease":0}},{"package":"graceful-fs","type":"ResolvedPackageVertex","version":{"bug":9,"major":4,"minor":2,"prerelease":0}},{"package":"@jest/types","type":"ResolvedPackageVertex","version":{"bug":1,"major":27,"minor":5,"prerelease":0}},{"package":"ansi-styles","type":"ResolvedPackageVertex","version":{"bug":0,"major":4,"minor":1,"prerelease":0}},{"package":"ansi-styles","type":"ResolvedPackageVertex","version":{"bug":0,"major":5,"minor":0,"prerelease":0}},{"package":"supports-color","type":"ResolvedPackageVertex","version":{"bug":0,"major":7,"minor":1,"prerelease":0}},{"package":"supports-color","type":"ResolvedPackageVertex","version":{"bug":0,"major":8,"minor":1,"prerelease":0}},{"package":"jest-get-type","type":"ResolvedPackageVertex","version":{"bug":1,"major":27,"minor":5,"prerelease":0}},{"package":"leven","type":"ResolvedPackageVertex","version":{"bug":0,"major":3,"minor":1,"prerelease":0}},{"package":"camelcase","type":"ResolvedPackageVertex","version":{"bug":0,"major":6,"minor":3,"prerelease":0}},{"package":"pretty-format","type":"ResolvedPackageVertex","version":{"bug":1,"major":27,"minor":5,"prerelease":0}},{"package":"picomatch","type":"ResolvedPackageVertex","version":{"bug":0,"major":2,"minor":3,"prerelease":0}},{"package":"ci-info","type":"ResolvedPackageVertex","version":{"bug":0,"major":3,"minor":2,"prerelease":0}},{"package":"@types/node","type":"ResolvedPackageVertex","version":{"bug":34,"major":6,"minor":0,"prerelease":0}},{"package":"anymatch","type":"ResolvedPackageVertex","version":{"bug":0,"major":3,"minor":1,"prerelease":0}},{"package":"jest-serializer","type":"ResolvedPackageVertex","version":{"bug":1,"major":27,"minor":5,"prerelease":0}},{"package":"micromatch","type":"ResolvedPackageVertex","version":{"bug":4,"major":4,"minor":0,"prerelease":0}},{"package":"jest-worker","type":"ResolvedPackageVertex","version":{"bug":1,"major":27,"minor":5,"prerelease":0}},{"package":"walker","type":"ResolvedPackageVertex","version":{"bug":7,"major":1,"minor":0,"prerelease":0}},{"package":"@types/graceful-fs","type":"ResolvedPackageVertex","version":{"bug":4,"major":4,"minor":1,"prerelease":0}},{"package":"jest-regex-util","type":"ResolvedPackageVertex","version":{"bug":1,"major":27,"minor":5,"prerelease":0}},{"package":"fb-watchman","type":"ResolvedPackageVertex","version":{"bug":0,"major":2,"minor":0,"prerelease":0}},{"package":"path-parse","type":"ResolvedPackageVertex","version":{"bug":7,"major":1,"minor":0,"prerelease":0}},{"package":"is-core-module","type":"ResolvedPackageVertex","version":{"bug":0,"major":2,"minor":5,"prerelease":0}},{"package":"@types/istanbul-reports","type":"ResolvedPackageVertex","version":{"bug":1,"major":3,"minor":0,"prerelease":0}},{"package":"@types/yargs","type":"ResolvedPackageVertex","version":{"bug":1,"major":16,"minor":0,"prerelease":0}},{"package":"@types/istanbul-lib-coverage","type":"ResolvedPackageVertex","version":{"bug":3,"major":2,"minor":0,"prerelease":0}},{"package":"color-convert","type":"ResolvedPackageVertex","version":{"bug":1,"major":2,"minor":0,"prerelease":0}},{"package":"has-flag","type":"ResolvedPackageVertex","version":{"bug":0,"major":4,"minor":0,"prerelease":0}},{"package":"react-is","type":"ResolvedPackageVertex","version":{"bug":1,"major":17,"minor":0,"prerelease":0}},{"package":"ansi-regex","type":"ResolvedPackageVertex","version":{"bug":1,"major":5,"minor":0,"prerelease":0}},{"package":"normalize-path","type":"ResolvedPackageVertex","version":{"bug":0,"major":3,"minor":0,"prerelease":0}},{"package":"braces","type":"ResolvedPackageVertex","version":{"bug":1,"major":3,"minor":0,"prerelease":0}},{"package":"merge-stream","type":"ResolvedPackageVertex","version":{"bug":0,"major":2,"minor":0,"prerelease":0}},{"package":"makeerror","type":"ResolvedPackageVertex","version":{"bug":0,"major":1,"minor":0,"prerelease":0}},{"package":"bser","type":"ResolvedPackageVertex","version":{"bug":0,"major":2,"minor":0,"prerelease":0}},{"package":"has","type":"ResolvedPackageVertex","version":{"bug":3,"major":1,"minor":0,"prerelease":0}},{"package":"@types/istanbul-lib-report","type":"ResolvedPackageVertex","version":{"bug":1,"major":1,"minor":1,"prerelease":0}},{"package":"@types/yargs-parser","type":"ResolvedPackageVertex","version":{"bug":1,"major":20,"minor":2,"prerelease":0}},{"package":"color-name","type":"ResolvedPackageVertex","version":{"bug":4,"major":1,"minor":1,"prerelease":0}},{"package":"fill-range","type":"ResolvedPackageVertex","version":{"bug":1,"major":7,"minor":0,"prerelease":0}},{"package":"node-int64","type":"ResolvedPackageVertex","version":{"bug":0,"major":0,"minor":4,"prerelease":0}},{"package":"function-bind","type":"ResolvedPackageVertex","version":{"bug":1,"major":1,"minor":1,"prerelease":0}},{"package":"to-regex-range","type":"ResolvedPackageVertex","version":{"bug":1,"major":5,"minor":0,"prerelease":0}},{"package":"is-number","type":"ResolvedPackageVertex","version":{"bug":0,"major":7,"minor":0,"prerelease":0}}]},"success":true}

