{"graph":{"context_vertex":0,"out_edge_array":[[1],[3,4,2],[],[6,8,9,7,5],[14,11,13,16,12,17,10,15,18],[20,19],[],[21],[22],[],[23],[],[],[],[26,25,24],[],[],[26],[],[27],[28],[],[6],[],[29],[30],[],[],[31],[],[],[]],"vertices":[{"type":"RootContextVertex"},{"package":"jest-changed-files","type":"ResolvedPackageVertex","version":{"bug":1,"major":27,"minor":5,"prerelease":0}},{"package":"throat","type":"ResolvedPackageVertex","version":{"bug":1,"major":6,"minor":0,"prerelease":0}},{"package":"@jest/types","type":"ResolvedPackageVertex","version":{"bug":1,"major":27,"minor":5,"prerelease":0}},{"package":"execa","type":"ResolvedPackageVertex","version":{"bug":1,"major":5,"minor":0,"prerelease":0}},{"package":"chalk","type":"ResolvedPackageVertex","version":{"bug":2,"major":4,"minor":1,"prerelease":0}},{"package":"@types/istanbul-lib-coverage","type":"ResolvedPackageVertex","version":{"bug":3,"major":2,"minor":0,"prerelease":0}},{"package":"@types/yargs","type":"ResolvedPackageVertex","version":{"bug":2,"major":16,"minor":0,"prerelease":0}},{"package":"@types/istanbul-reports","type":"ResolvedPackageVertex","version":{"bug":1,"major":3,"minor":0,"prerelease":0}},{"package":"@types/node","type":"ResolvedPackageVertex","version":{"bug":30,"major":4,"minor":0,"prerelease":0}},{"package":"onetime","type":"ResolvedPackageVertex","version":{"bug":2,"major":5,"minor":1,"prerelease":0}},{"package":"get-stream","type":"ResolvedPackageVertex","version":{"bug":1,"major":6,"minor":0,"prerelease":0}},{"package":"merge-stream","type":"ResolvedPackageVertex","version":{"bug":0,"major":2,"minor":0,"prerelease":0}},{"package":"human-signals","type":"ResolvedPackageVertex","version":{"bug":0,"major":2,"minor":1,"prerelease":0}},{"package":"cross-spawn","type":"ResolvedPackageVertex","version":{"bug":3,"major":7,"minor":0,"prerelease":0}},{"package":"signal-exit","type":"ResolvedPackageVertex","version":{"bug":6,"major":3,"minor":0,"prerelease":0}},{"package":"is-stream","type":"ResolvedPackageVertex","version":{"bug":0,"major":2,"minor":0,"prerelease":0}},{"package":"npm-run-path","type":"ResolvedPackageVertex","version":{"bug":1,"major":4,"minor":0,"prerelease":0}},{"package":"strip-final-newline","type":"ResolvedPackageVertex","version":{"bug":0,"major":2,"minor":0,"prerelease":0}},{"package":"supports-color","type":"ResolvedPackageVertex","version":{"bug":0,"major":7,"minor":2,"prerelease":0}},{"package":"ansi-styles","type":"ResolvedPackageVertex","version":{"bug":0,"major":4,"minor":3,"prerelease":0}},{"package":"@types/yargs-parser","type":"ResolvedPackageVertex","version":{"bug":0,"major":15,"minor":0,"prerelease":0}},{"package":"@types/istanbul-lib-report","type":"ResolvedPackageVertex","version":{"bug":1,"major":1,"minor":1,"prerelease":0}},{"package":"mimic-fn","type":"ResolvedPackageVertex","version":{"bug":0,"major":2,"minor":1,"prerelease":0}},{"package":"which","type":"ResolvedPackageVertex","version":{"bug":1,"major":2,"minor":0,"prerelease":0}},{"package":"shebang-command","type":"ResolvedPackageVertex","version":{"bug":0,"major":2,"minor":0,"prerelease":0}},{"package":"path-key","type":"ResolvedPackageVertex","version":{"bug":0,"major":3,"minor":1,"prerelease":0}},{"package":"has-flag","type":"ResolvedPackageVertex","version":{"bug":0,"major":4,"minor":0,"prerelease":0}},{"package":"color-convert","type":"ResolvedPackageVertex","version":{"bug":1,"major":2,"minor":0,"prerelease":0}},{"package":"isexe","type":"ResolvedPackageVertex","version":{"bug":0,"major":2,"minor":0,"prerelease":0}},{"package":"shebang-regex","type":"ResolvedPackageVertex","version":{"bug":0,"major":3,"minor":0,"prerelease":0}},{"package":"color-name","type":"ResolvedPackageVertex","version":{"bug":4,"major":1,"minor":1,"prerelease":0}}]},"success":true}

