{"graph":{"context_vertex":0,"out_edge_array":[[1],[9,2,5,7,3,8,6],[11,10,5,12,3],[13,16],[15,43,17],[],[19,18],[20],[2,5,3,21,22,23],[25,2,11,24],[26],[],[],[27],[],[28],[29],[30],[31],[],[],[],[],[],[],[2,5,3,32,8,33],[11],[34],[34],[],[],[],[37,2,35,3,22,36,39,33,38],[],[],[],[40,23],[41],[42],[31,14,44],[45],[47,4,46],[],[],[],[48],[],[],[49],[]],"vertices":[{"type":"RootContextVertex"},{"package":"jest-watcher","type":"ResolvedPackageVertex","version":{"bug":1,"major":27,"minor":5,"prerelease":0}},{"package":"@jest/types","type":"ResolvedPackageVertex","version":{"bug":1,"major":27,"minor":5,"prerelease":0}},{"package":"chalk","type":"ResolvedPackageVertex","version":{"bug":1,"major":4,"minor":1,"prerelease":0}},{"package":"chalk","type":"ResolvedPackageVertex","version":{"bug":0,"major":2,"minor":4,"prerelease":0}},{"package":"@types/node","type":"ResolvedPackageVertex","version":{"bug":37,"major":6,"minor":0,"prerelease":0}},{"package":"string-length","type":"ResolvedPackageVertex","version":{"bug":1,"major":4,"minor":0,"prerelease":0}},{"package":"ansi-escapes","type":"ResolvedPackageVertex","version":{"bug":0,"major":4,"minor":3,"prerelease":0}},{"package":"jest-util","type":"ResolvedPackageVertex","version":{"bug":1,"major":27,"minor":5,"prerelease":0}},{"package":"@jest/test-result","type":"ResolvedPackageVertex","version":{"bug":1,"major":27,"minor":5,"prerelease":0}},{"package":"@types/istanbul-reports","type":"ResolvedPackageVertex","version":{"bug":0,"major":3,"minor":0,"prerelease":0}},{"package":"@types/istanbul-lib-coverage","type":"ResolvedPackageVertex","version":{"bug":4,"major":2,"minor":0,"prerelease":0}},{"package":"@types/yargs","type":"ResolvedPackageVertex","version":{"bug":3,"major":6,"minor":3,"prerelease":0}},{"package":"ansi-styles","type":"ResolvedPackageVertex","version":{"bug":0,"major":4,"minor":1,"prerelease":0}},{"package":"ansi-styles","type":"ResolvedPackageVertex","version":{"bug":0,"major":5,"minor":2,"prerelease":0}},{"package":"ansi-styles","type":"ResolvedPackageVertex","version":{"bug":1,"major":3,"minor":2,"prerelease":0}},{"package":"supports-color","type":"ResolvedPackageVertex","version":{"bug":0,"major":7,"minor":2,"prerelease":0}},{"package":"supports-color","type":"ResolvedPackageVertex","version":{"bug":0,"major":5,"minor":4,"prerelease":0}},{"package":"strip-ansi","type":"ResolvedPackageVertex","version":{"bug":0,"major":6,"minor":0,"prerelease":0}},{"package":"char-regex","type":"ResolvedPackageVertex","version":{"bug":2,"major":1,"minor":0,"prerelease":0}},{"package":"type-fest","type":"ResolvedPackageVertex","version":{"bug":1,"major":0,"minor":8,"prerelease":0}},{"package":"ci-info","type":"ResolvedPackageVertex","version":{"bug":0,"major":3,"minor":2,"prerelease":0}},{"package":"graceful-fs","type":"ResolvedPackageVertex","version":{"bug":9,"major":4,"minor":2,"prerelease":0}},{"package":"picomatch","type":"ResolvedPackageVertex","version":{"bug":3,"major":2,"minor":2,"prerelease":0}},{"package":"collect-v8-coverage","type":"ResolvedPackageVertex","version":{"bug":0,"major":1,"minor":0,"prerelease":0}},{"package":"@jest/console","type":"ResolvedPackageVertex","version":{"bug":1,"major":27,"minor":5,"prerelease":0}},{"package":"@types/istanbul-lib-report","type":"ResolvedPackageVertex","version":{"bug":0,"major":3,"minor":0,"prerelease":0}},{"package":"color-convert","type":"ResolvedPackageVertex","version":{"bug":1,"major":2,"minor":0,"prerelease":0}},{"package":"color-convert","type":"ResolvedPackageVertex","version":{"bug":0,"major":1,"minor":9,"prerelease":0}},{"package":"has-flag","type":"ResolvedPackageVertex","version":{"bug":0,"major":4,"minor":0,"prerelease":0}},{"package":"has-flag","type":"ResolvedPackageVertex","version":{"bug":0,"major":3,"minor":0,"prerelease":0}},{"package":"ansi-regex","type":"ResolvedPackageVertex","version":{"bug":1,"major":5,"minor":0,"prerelease":0}},{"package":"jest-message-util","type":"ResolvedPackageVertex","version":{"bug":1,"major":27,"minor":5,"prerelease":0}},{"package":"slash","type":"ResolvedPackageVertex","version":{"bug":0,"major":3,"minor":0,"prerelease":0}},{"package":"color-name","type":"ResolvedPackageVertex","version":{"bug":4,"major":1,"minor":1,"prerelease":0}},{"package":"@types/stack-utils","type":"ResolvedPackageVertex","version":{"bug":0,"major":2,"minor":0,"prerelease":0}},{"package":"micromatch","type":"ResolvedPackageVertex","version":{"bug":4,"major":4,"minor":0,"prerelease":0}},{"package":"@babel/code-frame","type":"ResolvedPackageVertex","version":{"bug":13,"major":7,"minor":12,"prerelease":0}},{"package":"stack-utils","type":"ResolvedPackageVertex","version":{"bug":5,"major":2,"minor":0,"prerelease":0}},{"package":"pretty-format","type":"ResolvedPackageVertex","version":{"bug":1,"major":27,"minor":5,"prerelease":0}},{"package":"braces","type":"ResolvedPackageVertex","version":{"bug":1,"major":3,"minor":0,"prerelease":0}},{"package":"@babel/highlight","type":"ResolvedPackageVertex","version":{"bug":10,"major":7,"minor":16,"prerelease":0}},{"package":"escape-string-regexp","type":"ResolvedPackageVertex","version":{"bug":0,"major":2,"minor":0,"prerelease":0}},{"package":"escape-string-regexp","type":"ResolvedPackageVertex","version":{"bug":5,"major":1,"minor":0,"prerelease":0}},{"package":"react-is","type":"ResolvedPackageVertex","version":{"bug":1,"major":17,"minor":0,"prerelease":0}},{"package":"fill-range","type":"ResolvedPackageVertex","version":{"bug":1,"major":7,"minor":0,"prerelease":0}},{"package":"js-tokens","type":"ResolvedPackageVertex","version":{"bug":0,"major":4,"minor":0,"prerelease":0}},{"package":"@babel/helper-validator-identifier","type":"ResolvedPackageVertex","version":{"bug":7,"major":7,"minor":16,"prerelease":0}},{"package":"to-regex-range","type":"ResolvedPackageVertex","version":{"bug":1,"major":5,"minor":0,"prerelease":0}},{"package":"is-number","type":"ResolvedPackageVertex","version":{"bug":0,"major":7,"minor":0,"prerelease":0}}]},"success":true}

