{"graph":{"context_vertex":0,"out_edge_array":[[1],[2,5,11,3,10,9,6,7,8],[12],[15,13],[17,25,14],[18,21,20,19,3],[23,16,22],[],[24],[26,27],[],[],[29,4,28],[30],[31],[32],[],[33],[],[34],[],[35],[],[],[],[],[36],[],[],[],[],[],[37],[37],[],[18],[38],[],[39],[]],"vertices":[{"type":"RootContextVertex"},{"package":"jest-message-util","type":"ResolvedPackageVertex","version":{"bug":1,"major":27,"minor":5,"prerelease":0}},{"package":"@babel/code-frame","type":"ResolvedPackageVertex","version":{"bug":13,"major":7,"minor":12,"prerelease":0}},{"package":"chalk","type":"ResolvedPackageVertex","version":{"bug":0,"major":4,"minor":0,"prerelease":0}},{"package":"chalk","type":"ResolvedPackageVertex","version":{"bug":0,"major":2,"minor":2,"prerelease":0}},{"package":"@jest/types","type":"ResolvedPackageVertex","version":{"bug":1,"major":27,"minor":5,"prerelease":0}},{"package":"pretty-format","type":"ResolvedPackageVertex","version":{"bug":1,"major":27,"minor":5,"prerelease":0}},{"package":"slash","type":"ResolvedPackageVertex","version":{"bug":0,"major":3,"minor":0,"prerelease":0}},{"package":"stack-utils","type":"ResolvedPackageVertex","version":{"bug":3,"major":2,"minor":0,"prerelease":0}},{"package":"micromatch","type":"ResolvedPackageVertex","version":{"bug":4,"major":4,"minor":0,"prerelease":0}},{"package":"graceful-fs","type":"ResolvedPackageVertex","version":{"bug":9,"major":4,"minor":2,"prerelease":0}},{"package":"@types/stack-utils","type":"ResolvedPackageVertex","version":{"bug":0,"major":2,"minor":0,"prerelease":0}},{"package":"@babel/highlight","type":"ResolvedPackageVertex","version":{"bug":13,"major":7,"minor":12,"prerelease":0}},{"package":"supports-color","type":"ResolvedPackageVertex","version":{"bug":0,"major":7,"minor":1,"prerelease":0}},{"package":"supports-color","type":"ResolvedPackageVertex","version":{"bug":0,"major":4,"minor":0,"prerelease":0}},{"package":"ansi-styles","type":"ResolvedPackageVertex","version":{"bug":0,"major":4,"minor":3,"prerelease":0}},{"package":"ansi-styles","type":"ResolvedPackageVertex","version":{"bug":0,"major":5,"minor":1,"prerelease":0}},{"package":"ansi-styles","type":"ResolvedPackageVertex","version":{"bug":0,"major":3,"minor":1,"prerelease":0}},{"package":"@types/istanbul-lib-coverage","type":"ResolvedPackageVertex","version":{"bug":2,"major":2,"minor":0,"prerelease":0}},{"package":"@types/yargs","type":"ResolvedPackageVertex","version":{"bug":4,"major":16,"minor":0,"prerelease":0}},{"package":"@types/node","type":"ResolvedPackageVertex","version":{"bug":43,"major":7,"minor":0,"prerelease":0}},{"package":"@types/istanbul-reports","type":"ResolvedPackageVertex","version":{"bug":0,"major":3,"minor":0,"prerelease":0}},{"package":"react-is","type":"ResolvedPackageVertex","version":{"bug":1,"major":17,"minor":0,"prerelease":0}},{"package":"ansi-regex","type":"ResolvedPackageVertex","version":{"bug":1,"major":5,"minor":0,"prerelease":0}},{"package":"escape-string-regexp","type":"ResolvedPackageVertex","version":{"bug":0,"major":2,"minor":0,"prerelease":0}},{"package":"escape-string-regexp","type":"ResolvedPackageVertex","version":{"bug":5,"major":1,"minor":0,"prerelease":0}},{"package":"braces","type":"ResolvedPackageVertex","version":{"bug":2,"major":3,"minor":0,"prerelease":0}},{"package":"picomatch","type":"ResolvedPackageVertex","version":{"bug":0,"major":2,"minor":3,"prerelease":0}},{"package":"js-tokens","type":"ResolvedPackageVertex","version":{"bug":0,"major":4,"minor":0,"prerelease":0}},{"package":"@babel/helper-validator-identifier","type":"ResolvedPackageVertex","version":{"bug":9,"major":7,"minor":14,"prerelease":0}},{"package":"has-flag","type":"ResolvedPackageVertex","version":{"bug":0,"major":4,"minor":0,"prerelease":0}},{"package":"has-flag","type":"ResolvedPackageVertex","version":{"bug":0,"major":2,"minor":0,"prerelease":0}},{"package":"color-convert","type":"ResolvedPackageVertex","version":{"bug":1,"major":2,"minor":0,"prerelease":0}},{"package":"color-convert","type":"ResolvedPackageVertex","version":{"bug":0,"major":1,"minor":7,"prerelease":0}},{"package":"@types/yargs-parser","type":"ResolvedPackageVertex","version":{"bug":0,"major":20,"minor":2,"prerelease":0}},{"package":"@types/istanbul-lib-report","type":"ResolvedPackageVertex","version":{"bug":1,"major":1,"minor":1,"prerelease":0}},{"package":"fill-range","type":"ResolvedPackageVertex","version":{"bug":1,"major":7,"minor":0,"prerelease":0}},{"package":"color-name","type":"ResolvedPackageVertex","version":{"bug":4,"major":1,"minor":1,"prerelease":0}},{"package":"to-regex-range","type":"ResolvedPackageVertex","version":{"bug":1,"major":5,"minor":0,"prerelease":0}},{"package":"is-number","type":"ResolvedPackageVertex","version":{"bug":0,"major":7,"minor":0,"prerelease":0}}]},"success":true}

