{"graph":{"context_vertex":0,"out_edge_array":[[1],[5,3,2,11,6,10,8,12,13,7],[14],[2,17,15,18],[2,17,16,18],[20,17,15,19],[17,16],[15],[2,14],[2,14],[21,17,16],[17,15],[4,17,9],[2],[22],[17,24,23],[27,17,26,25,28,24,23],[],[],[],[],[],[],[],[28],[],[],[],[]],"vertices":[{"type":"RootContextVertex"},{"package":"mississippi","type":"ResolvedPackageVertex","version":{"bug":0,"major":4,"minor":0,"prerelease":0}},{"package":"end-of-stream","type":"ResolvedPackageVertex","version":{"bug":0,"major":1,"minor":2,"prerelease":0}},{"package":"duplexify","type":"ResolvedPackageVertex","version":{"bug":0,"major":4,"minor":0,"prerelease":0}},{"package":"duplexify","type":"ResolvedPackageVertex","version":{"bug":3,"major":3,"minor":5,"prerelease":0}},{"package":"concat-stream","type":"ResolvedPackageVertex","version":{"bug":0,"major":2,"minor":0,"prerelease":0}},{"package":"from2","type":"ResolvedPackageVertex","version":{"bug":0,"major":2,"minor":2,"prerelease":0}},{"package":"through2","type":"ResolvedPackageVertex","version":{"bug":1,"major":3,"minor":0,"prerelease":0}},{"package":"pump","type":"ResolvedPackageVertex","version":{"bug":0,"major":3,"minor":0,"prerelease":0}},{"package":"pump","type":"ResolvedPackageVertex","version":{"bug":3,"major":1,"minor":0,"prerelease":0}},{"package":"parallel-transform","type":"ResolvedPackageVertex","version":{"bug":0,"major":1,"minor":1,"prerelease":0}},{"package":"flush-write-stream","type":"ResolvedPackageVertex","version":{"bug":0,"major":2,"minor":0,"prerelease":0}},{"package":"pumpify","type":"ResolvedPackageVertex","version":{"bug":4,"major":1,"minor":3,"prerelease":0}},{"package":"stream-each","type":"ResolvedPackageVertex","version":{"bug":0,"major":1,"minor":1,"prerelease":0}},{"package":"once","type":"ResolvedPackageVertex","version":{"bug":2,"major":1,"minor":3,"prerelease":0}},{"package":"readable-stream","type":"ResolvedPackageVertex","version":{"bug":0,"major":3,"minor":2,"prerelease":0}},{"package":"readable-stream","type":"ResolvedPackageVertex","version":{"bug":6,"major":2,"minor":3,"prerelease":0}},{"package":"inherits","type":"ResolvedPackageVertex","version":{"bug":4,"major":2,"minor":0,"prerelease":0}},{"package":"stream-shift","type":"ResolvedPackageVertex","version":{"bug":1,"major":1,"minor":0,"prerelease":0}},{"package":"typedarray","type":"ResolvedPackageVertex","version":{"bug":6,"major":0,"minor":0,"prerelease":0}},{"package":"buffer-from","type":"ResolvedPackageVertex","version":{"bug":1,"major":1,"minor":1,"prerelease":0}},{"package":"cyclist","type":"ResolvedPackageVertex","version":{"bug":2,"major":0,"minor":2,"prerelease":0}},{"package":"wrappy","type":"ResolvedPackageVertex","version":{"bug":0,"major":1,"minor":0,"prerelease":0}},{"package":"util-deprecate","type":"ResolvedPackageVertex","version":{"bug":1,"major":1,"minor":0,"prerelease":0}},{"package":"string_decoder","type":"ResolvedPackageVertex","version":{"bug":1,"major":1,"minor":1,"prerelease":0}},{"package":"process-nextick-args","type":"ResolvedPackageVertex","version":{"bug":1,"major":2,"minor":0,"prerelease":0}},{"package":"isarray","type":"ResolvedPackageVertex","version":{"bug":0,"major":1,"minor":0,"prerelease":0}},{"package":"core-util-is","type":"ResolvedPackageVertex","version":{"bug":3,"major":1,"minor":0,"prerelease":0}},{"package":"safe-buffer","type":"ResolvedPackageVertex","version":{"bug":2,"major":5,"minor":1,"prerelease":0}}]},"success":true}

