{"graph":{"context_vertex":0,"out_edge_array":[[1],[5,2,6,8,11,4,12,15,3,10,14],[],[9],[],[],[16,18],[17],[20,21],[22],[27,28,7,9,24,23,25,26],[24],[],[57],[7,9,3],[18],[29,31,12],[30,32,13,39],[],[38],[],[33],[],[],[],[34,37,35,36],[7,38,19,39],[42,41,44,43,7,19,39,40,45],[46],[12],[13],[12],[13],[18],[],[],[],[],[],[47],[48,22],[50,43,51,54,18,39,55,49,53,52],[],[],[42,7,18,56],[],[],[49],[],[13],[39,59,58],[],[54,18],[42,51,22,55],[51,60,19],[9,22,33,49],[7],[],[19],[39,58],[]],"vertices":[{"type":"RootContextVertex"},{"package":"nanomatch","type":"ResolvedPackageVertex","version":{"bug":13,"major":1,"minor":2,"prerelease":0}},{"package":"array-unique","type":"ResolvedPackageVertex","version":{"bug":2,"major":0,"minor":3,"prerelease":0}},{"package":"regex-not","type":"ResolvedPackageVertex","version":{"bug":0,"major":1,"minor":0,"prerelease":0}},{"package":"is-windows","type":"ResolvedPackageVertex","version":{"bug":2,"major":1,"minor":0,"prerelease":0}},{"package":"arr-diff","type":"ResolvedPackageVertex","version":{"bug":0,"major":4,"minor":0,"prerelease":0}},{"package":"define-property","type":"ResolvedPackageVertex","version":{"bug":2,"major":2,"minor":0,"prerelease":0}},{"package":"define-property","type":"ResolvedPackageVertex","version":{"bug":5,"major":0,"minor":2,"prerelease":0}},{"package":"extend-shallow","type":"ResolvedPackageVertex","version":{"bug":2,"major":3,"minor":0,"prerelease":0}},{"package":"extend-shallow","type":"ResolvedPackageVertex","version":{"bug":1,"major":2,"minor":0,"prerelease":0}},{"package":"snapdragon","type":"ResolvedPackageVertex","version":{"bug":1,"major":0,"minor":8,"prerelease":0}},{"package":"fragment-cache","type":"ResolvedPackageVertex","version":{"bug":1,"major":0,"minor":2,"prerelease":0}},{"package":"kind-of","type":"ResolvedPackageVertex","version":{"bug":2,"major":6,"minor":0,"prerelease":0}},{"package":"kind-of","type":"ResolvedPackageVertex","version":{"bug":1,"major":3,"minor":2,"prerelease":0}},{"package":"to-regex","type":"ResolvedPackageVertex","version":{"bug":1,"major":3,"minor":0,"prerelease":0}},{"package":"object.pick","type":"ResolvedPackageVertex","version":{"bug":0,"major":1,"minor":3,"prerelease":0}},{"package":"is-descriptor","type":"ResolvedPackageVertex","version":{"bug":2,"major":1,"minor":0,"prerelease":0}},{"package":"is-descriptor","type":"ResolvedPackageVertex","version":{"bug":5,"major":0,"minor":1,"prerelease":0}},{"package":"isobject","type":"ResolvedPackageVertex","version":{"bug":1,"major":3,"minor":0,"prerelease":0}},{"package":"isobject","type":"ResolvedPackageVertex","version":{"bug":0,"major":2,"minor":1,"prerelease":0}},{"package":"assign-symbols","type":"ResolvedPackageVertex","version":{"bug":0,"major":1,"minor":0,"prerelease":0}},{"package":"is-extendable","type":"ResolvedPackageVertex","version":{"bug":1,"major":1,"minor":0,"prerelease":0}},{"package":"is-extendable","type":"ResolvedPackageVertex","version":{"bug":1,"major":0,"minor":1,"prerelease":0}},{"package":"source-map","type":"ResolvedPackageVertex","version":{"bug":6,"major":0,"minor":5,"prerelease":0}},{"package":"map-cache","type":"ResolvedPackageVertex","version":{"bug":2,"major":0,"minor":2,"prerelease":0}},{"package":"source-map-resolve","type":"ResolvedPackageVertex","version":{"bug":0,"major":0,"minor":5,"prerelease":0}},{"package":"use","type":"ResolvedPackageVertex","version":{"bug":0,"major":2,"minor":0,"prerelease":0}},{"package":"base","type":"ResolvedPackageVertex","version":{"bug":1,"major":0,"minor":11,"prerelease":0}},{"package":"debug","type":"ResolvedPackageVertex","version":{"bug":9,"major":2,"minor":6,"prerelease":0}},{"package":"is-accessor-descriptor","type":"ResolvedPackageVertex","version":{"bug":0,"major":1,"minor":0,"prerelease":0}},{"package":"is-accessor-descriptor","type":"ResolvedPackageVertex","version":{"bug":6,"major":0,"minor":1,"prerelease":0}},{"package":"is-data-descriptor","type":"ResolvedPackageVertex","version":{"bug":0,"major":1,"minor":0,"prerelease":0}},{"package":"is-data-descriptor","type":"ResolvedPackageVertex","version":{"bug":4,"major":0,"minor":1,"prerelease":0}},{"package":"is-plain-object","type":"ResolvedPackageVertex","version":{"bug":4,"major":2,"minor":0,"prerelease":0}},{"package":"source-map-url","type":"ResolvedPackageVertex","version":{"bug":0,"major":0,"minor":4,"prerelease":0}},{"package":"urix","type":"ResolvedPackageVertex","version":{"bug":0,"major":0,"minor":1,"prerelease":0}},{"package":"resolve-url","type":"ResolvedPackageVertex","version":{"bug":1,"major":0,"minor":2,"prerelease":0}},{"package":"atob","type":"ResolvedPackageVertex","version":{"bug":1,"major":2,"minor":1,"prerelease":0}},{"package":"isarray","type":"ResolvedPackageVertex","version":{"bug":0,"major":1,"minor":0,"prerelease":0}},{"package":"lazy-cache","type":"ResolvedPackageVertex","version":{"bug":2,"major":2,"minor":0,"prerelease":0}},{"package":"mixin-deep","type":"ResolvedPackageVertex","version":{"bug":3,"major":1,"minor":1,"prerelease":0}},{"package":"cache-base","type":"ResolvedPackageVertex","version":{"bug":5,"major":0,"minor":8,"prerelease":0}},{"package":"arr-union","type":"ResolvedPackageVertex","version":{"bug":0,"major":3,"minor":1,"prerelease":0}},{"package":"component-emitter","type":"ResolvedPackageVertex","version":{"bug":1,"major":1,"minor":2,"prerelease":0}},{"package":"class-utils","type":"ResolvedPackageVertex","version":{"bug":6,"major":0,"minor":3,"prerelease":0}},{"package":"pascalcase","type":"ResolvedPackageVertex","version":{"bug":1,"major":0,"minor":1,"prerelease":0}},{"package":"ms","type":"ResolvedPackageVertex","version":{"bug":0,"major":2,"minor":0,"prerelease":0}},{"package":"set-getter","type":"ResolvedPackageVertex","version":{"bug":0,"major":0,"minor":1,"prerelease":0}},{"package":"for-in","type":"ResolvedPackageVertex","version":{"bug":4,"major":0,"minor":1,"prerelease":0}},{"package":"to-object-path","type":"ResolvedPackageVertex","version":{"bug":0,"major":0,"minor":3,"prerelease":0}},{"package":"collection-visit","type":"ResolvedPackageVertex","version":{"bug":3,"major":0,"minor":2,"prerelease":0}},{"package":"get-value","type":"ResolvedPackageVertex","version":{"bug":6,"major":2,"minor":0,"prerelease":0}},{"package":"unset-value","type":"ResolvedPackageVertex","version":{"bug":2,"major":0,"minor":1,"prerelease":0}},{"package":"union-value","type":"ResolvedPackageVertex","version":{"bug":4,"major":0,"minor":2,"prerelease":0}},{"package":"has-value","type":"ResolvedPackageVertex","version":{"bug":1,"major":0,"minor":3,"prerelease":0}},{"package":"set-value","type":"ResolvedPackageVertex","version":{"bug":3,"major":0,"minor":4,"prerelease":0}},{"package":"static-extend","type":"ResolvedPackageVertex","version":{"bug":1,"major":0,"minor":1,"prerelease":0}},{"package":"is-buffer","type":"ResolvedPackageVertex","version":{"bug":6,"major":1,"minor":1,"prerelease":0}},{"package":"object-visit","type":"ResolvedPackageVertex","version":{"bug":4,"major":0,"minor":3,"prerelease":0}},{"package":"map-visit","type":"ResolvedPackageVertex","version":{"bug":5,"major":0,"minor":1,"prerelease":0}},{"package":"has-values","type":"ResolvedPackageVertex","version":{"bug":4,"major":0,"minor":1,"prerelease":0}}]},"success":true}

