{"graph":{"context_vertex":0,"out_edge_array":[[1],[2,9,4,13,10,11,8,6,12,5,3,14,7],[],[],[],[],[],[],[],[],[2,8],[],[],[],[]],"vertices":[{"type":"RootContextVertex"},{"package":"protobufjs","type":"ResolvedPackageVertex","version":{"bug":2,"major":6,"minor":11,"prerelease":0}},{"package":"@protobufjs/aspromise","type":"ResolvedPackageVertex","version":{"bug":2,"major":1,"minor":1,"prerelease":0}},{"package":"@types/long","type":"ResolvedPackageVertex","version":{"bug":1,"major":4,"minor":0,"prerelease":0}},{"package":"@protobufjs/codegen","type":"ResolvedPackageVertex","version":{"bug":4,"major":2,"minor":0,"prerelease":0}},{"package":"@protobufjs/utf8","type":"ResolvedPackageVertex","version":{"bug":0,"major":1,"minor":1,"prerelease":0}},{"package":"@protobufjs/path","type":"ResolvedPackageVertex","version":{"bug":2,"major":1,"minor":1,"prerelease":0}},{"package":"long","type":"ResolvedPackageVertex","version":{"bug":0,"major":4,"minor":0,"prerelease":0}},{"package":"@protobufjs/inquire","type":"ResolvedPackageVertex","version":{"bug":0,"major":1,"minor":1,"prerelease":0}},{"package":"@protobufjs/base64","type":"ResolvedPackageVertex","version":{"bug":2,"major":1,"minor":1,"prerelease":0}},{"package":"@protobufjs/fetch","type":"ResolvedPackageVertex","version":{"bug":0,"major":1,"minor":1,"prerelease":0}},{"package":"@protobufjs/float","type":"ResolvedPackageVertex","version":{"bug":2,"major":1,"minor":0,"prerelease":0}},{"package":"@protobufjs/pool","type":"ResolvedPackageVertex","version":{"bug":0,"major":1,"minor":1,"prerelease":0}},{"package":"@protobufjs/eventemitter","type":"ResolvedPackageVertex","version":{"bug":0,"major":1,"minor":1,"prerelease":0}},{"package":"@types/node","type":"ResolvedPackageVertex","version":{"bug":0,"major":15,"minor":12,"prerelease":0}}]},"success":true}

