{"graph":{"context_vertex":0,"out_edge_array":[[1],[4,7,3,5,6,2],[4,7],[4,12,10,5,9,15,14,13,8,11,6,17,18,22,24,20,19,21,16,23],[10,5],[10,15,14],[4,25],[20],[],[4,5],[],[],[8,26,27],[5,15,28],[],[10],[4,7],[],[25],[4,7,14,20],[],[4,7],[4],[10,29,14,30],[],[14],[],[14],[4,5,24],[],[32,31,33,18,27],[4],[29],[]],"vertices":[{"type":"RootContextVertex"},{"package":"string.prototype.split","type":"ResolvedPackageVertex","version":{"bug":5,"major":1,"minor":0,"prerelease":0}},{"package":"regexp.prototype.flags","type":"ResolvedPackageVertex","version":{"bug":0,"major":1,"minor":4,"prerelease":0}},{"package":"es-abstract","type":"ResolvedPackageVertex","version":{"bug":1,"major":1,"minor":19,"prerelease":0}},{"package":"call-bind","type":"ResolvedPackageVertex","version":{"bug":2,"major":1,"minor":0,"prerelease":0}},{"package":"get-intrinsic","type":"ResolvedPackageVertex","version":{"bug":1,"major":1,"minor":1,"prerelease":0}},{"package":"is-regex","type":"ResolvedPackageVertex","version":{"bug":4,"major":1,"minor":1,"prerelease":0}},{"package":"define-properties","type":"ResolvedPackageVertex","version":{"bug":3,"major":1,"minor":1,"prerelease":0}},{"package":"is-callable","type":"ResolvedPackageVertex","version":{"bug":4,"major":1,"minor":2,"prerelease":0}},{"package":"get-symbol-description","type":"ResolvedPackageVertex","version":{"bug":0,"major":1,"minor":0,"prerelease":0}},{"package":"function-bind","type":"ResolvedPackageVertex","version":{"bug":1,"major":1,"minor":1,"prerelease":0}},{"package":"is-negative-zero","type":"ResolvedPackageVertex","version":{"bug":1,"major":2,"minor":0,"prerelease":0}},{"package":"es-to-primitive","type":"ResolvedPackageVertex","version":{"bug":1,"major":1,"minor":2,"prerelease":0}},{"package":"internal-slot","type":"ResolvedPackageVertex","version":{"bug":3,"major":1,"minor":0,"prerelease":0}},{"package":"has-symbols","type":"ResolvedPackageVertex","version":{"bug":3,"major":1,"minor":0,"prerelease":0}},{"package":"has","type":"ResolvedPackageVertex","version":{"bug":3,"major":1,"minor":0,"prerelease":0}},{"package":"string.prototype.trimstart","type":"ResolvedPackageVertex","version":{"bug":4,"major":1,"minor":0,"prerelease":0}},{"package":"is-shared-array-buffer","type":"ResolvedPackageVertex","version":{"bug":1,"major":1,"minor":0,"prerelease":0}},{"package":"is-string","type":"ResolvedPackageVertex","version":{"bug":7,"major":1,"minor":0,"prerelease":0}},{"package":"object.assign","type":"ResolvedPackageVertex","version":{"bug":2,"major":4,"minor":1,"prerelease":0}},{"package":"object-keys","type":"ResolvedPackageVertex","version":{"bug":1,"major":1,"minor":1,"prerelease":0}},{"package":"string.prototype.trimend","type":"ResolvedPackageVertex","version":{"bug":4,"major":1,"minor":0,"prerelease":0}},{"package":"is-weakref","type":"ResolvedPackageVertex","version":{"bug":2,"major":1,"minor":0,"prerelease":0}},{"package":"unbox-primitive","type":"ResolvedPackageVertex","version":{"bug":1,"major":1,"minor":0,"prerelease":0}},{"package":"object-inspect","type":"ResolvedPackageVertex","version":{"bug":0,"major":1,"minor":11,"prerelease":0}},{"package":"has-tostringtag","type":"ResolvedPackageVertex","version":{"bug":0,"major":1,"minor":0,"prerelease":0}},{"package":"is-date-object","type":"ResolvedPackageVertex","version":{"bug":1,"major":1,"minor":0,"prerelease":0}},{"package":"is-symbol","type":"ResolvedPackageVertex","version":{"bug":4,"major":1,"minor":0,"prerelease":0}},{"package":"side-channel","type":"ResolvedPackageVertex","version":{"bug":4,"major":1,"minor":0,"prerelease":0}},{"package":"has-bigints","type":"ResolvedPackageVertex","version":{"bug":1,"major":1,"minor":0,"prerelease":0}},{"package":"which-boxed-primitive","type":"ResolvedPackageVertex","version":{"bug":2,"major":1,"minor":0,"prerelease":0}},{"package":"is-boolean-object","type":"ResolvedPackageVertex","version":{"bug":1,"major":1,"minor":1,"prerelease":0}},{"package":"is-bigint","type":"ResolvedPackageVertex","version":{"bug":4,"major":1,"minor":0,"prerelease":0}},{"package":"is-number-object","type":"ResolvedPackageVertex","version":{"bug":4,"major":1,"minor":0,"prerelease":0}}]},"success":true}
