{"graph":{"context_vertex":0,"out_edge_array":[[1],[2,3],[6,5,4],[7,8],[9],[],[],[],[],[]],"vertices":[{"type":"RootContextVertex"},{"package":"to-width","type":"ResolvedPackageVertex","version":{"bug":0,"major":1,"minor":2,"prerelease":0}},{"package":"string-width","type":"ResolvedPackageVertex","version":{"bug":3,"major":4,"minor":2,"prerelease":0}},{"package":"wcstring","type":"ResolvedPackageVertex","version":{"bug":1,"major":2,"minor":1,"prerelease":0}},{"package":"strip-ansi","type":"ResolvedPackageVertex","version":{"bug":1,"major":6,"minor":0,"prerelease":0}},{"package":"is-fullwidth-code-point","type":"ResolvedPackageVertex","version":{"bug":0,"major":3,"minor":0,"prerelease":0}},{"package":"emoji-regex","type":"ResolvedPackageVertex","version":{"bug":0,"major":8,"minor":0,"prerelease":0}},{"package":"varsize-string","type":"ResolvedPackageVertex","version":{"bug":2,"major":2,"minor":2,"prerelease":0}},{"package":"wcsize","type":"ResolvedPackageVertex","version":{"bug":0,"major":1,"minor":0,"prerelease":0}},{"package":"ansi-regex","type":"ResolvedPackageVertex","version":{"bug":1,"major":5,"minor":0,"prerelease":0}}]},"success":true}